Microchip MPLAB XC8 Compiler V1.32 ()

Linker command line:

--edf=C:\Program Files (x86)\Microchip\xc8\v1.32\dat\en_msgs.txt -cs \
  -h+dist/default/production\Example_9.5.X.production.sym \
  --cmf=dist/default/production\Example_9.5.X.production.cmf -z -Q18F4550 \
  -oC:\Users\tbi\AppData\Local\Temp\s4jk.6 \
  -Mdist/default/production/Example_9.5.X.production.map -E1 -ver=XC8 \
  -ASTACK=090h-07ffh -pstack=STACK -ACODE=00h-07FFFh -ACONST=00h-07FFFh \
  -ASMALLCONST=0800h-08FFhx120 -AMEDIUMCONST=0800h-07FFFh -ACOMRAM=01h-05Fh \
  -AABS1=00h-07FFh -ABIGRAM=01h-07FFh -ARAM=060h-0FFh,0100h-01FFhx7 \
  -ABANK0=060h-0FFh -ABANK1=0100h-01FFh -ABANK2=0200h-02FFh \
  -ABANK3=0300h-03FFh -ABANK4=0400h-04FFh -ABANK5=0500h-05FFh \
  -ABANK6=0600h-06FFh -ABANK7=0700h-07FFh -ASFR=0F60h-0FFFh \
  -preset_vec=00h,intcode=08h,intcodelo,powerup,init,end_init \
  -pramtop=0800h -psmallconst=SMALLCONST -pmediumconst=MEDIUMCONST \
  -pconst=CONST -AFARRAM=00h-00h -ACONFIG=0300000h-030000Dh -pconfig=CONFIG \
  -AIDLOC=0200000h-0200007h -pidloc=IDLOC -AEEDATA=0F00000h-0F000FFh \
  -peeprom_data=EEDATA \
  -prdata=COMRAM,nvrram=COMRAM,nvbit=COMRAM,rbss=COMRAM,rbit=COMRAM \
  -pfarbss=FARRAM,fardata=FARRAM,nvFARRAM=FARRAM \
  -pintsave_regs=BIGRAM,bigbss=BIGRAM,bigdata=BIGRAM -pbss=RAM \
  -pidata=CODE,irdata=CODE,ibigdata=CODE,ifardata=CODE \
  C:\Users\tbi\AppData\Local\Temp\s4jk.obj \
  dist/default/production\Example_9.5.X.production.obj 

Object code version is 3.11

Machine type is 18F4550

Call graph: (short form)




                Name                               Link     Load   Length Selector   Space Scale
C:\Users\tbi\AppData\Local\Temp\s4jk.obj
                end_init                             18       18        4        4       0
                reset_vec                             0        0        4        0       0
                idloc                            200000   200000        8   200000       0
                config                           300000   300000        E   300000       0
dist/default/production\Example_9.5.X.production.obj
                intcode                               8        8       10        4       0
                text37                              B34      B34       16        4       0
                text36                              BB8      BB8        8        4       0
                text35                              336      336       E2        4       0
                text34                              944      944       34        4       0
                text33                              A8E      A8E       20        4       0
                text32                              ACC      ACC       1E        4       0
                text31                              154      154       FA        4       0
                text30                              B1E      B1E       16        4       0
                text29                              740      740       72        4       0
                text28                              BA6      BA6        A        4       0
                text27                              AAE      AAE       1E        4       0
                text26                              B70      B70       12        4       0
                text25                              B82      B82        E        4       0
                text24                              8C6      8C6       42        4       0
                text23                              9A8      9A8       2E        4       0
                text22                              6CA      6CA       76        4       0
                intcode_body                        544      544       88        4       0
                text20                              BC0      BC0        4        4       0
                text19                              B90      B90        C        4       0
                text18                              AEA      AEA       1C        4       0
                text17                              BB0      BB0        8        4       0
                text16                              24E      24E       E8        4       0
                text15                              908      908       3C        4       0
                text14                              9D6      9D6       28        4       0
                text13                              A4C      A4C       22        4       0
                text12                               1C       1C      138        4       0
                text11                              4B2      4B2       92        4       0
                text10                              64C      64C       7E        4       0
                text9                               B9C      B9C        A        4       0
                text8                               A6E      A6E       20        4       0
                text7                               B4A      B4A       14        4       0
                text6                               B5E      B5E       12        4       0
                text5                               874      874       52        4       0
                text4                               978      978       30        4       0
                text3                               418      418       9A        4       0
                text2                               5CC      5CC       80        4       0
                text1                               B06      B06       18        4       0
                text0                               7B2      7B2       6C        4       0
                cstackCOMRAM                         40       40       17        1       1
                cstackBANK0                          87       87        9       60       1
                dataBANK0                            60       60       27       60       1
                dataCOMRAM                            1        1       27        1       1
                bssCOMRAM                            28       28       18        1       1
                cinit                               81E      81E       56        4       0
                idataBANK0                          A25      A25       27        4       0
                idataCOMRAM                         9FE      9FE       27        4       0

TOTAL           Name                               Link     Load   Length     Space
        CLASS   STACK          

        CLASS   CODE           
                end_init                             18       18        4         0
                intcode                               8        8       10         0
                reset_vec                             0        0        4         0
                text37                              B34      B34       16         0
                text36                              BB8      BB8        8         0
                text35                              336      336       E2         0
                text34                              944      944       34         0
                text33                              A8E      A8E       20         0
                text32                              ACC      ACC       1E         0
                text31                              154      154       FA         0
                text30                              B1E      B1E       16         0
                text29                              740      740       72         0
                text28                              BA6      BA6        A         0
                text27                              AAE      AAE       1E         0
                text26                              B70      B70       12         0
                text25                              B82      B82        E         0
                text24                              8C6      8C6       42         0
                text23                              9A8      9A8       2E         0
                text22                              6CA      6CA       76         0
                intcode_body                        544      544       88         0
                text20                              BC0      BC0        4         0
                text19                              B90      B90        C         0
                text18                              AEA      AEA       1C         0
                text17                              BB0      BB0        8         0
                text16                              24E      24E       E8         0
                text15                              908      908       3C         0
                text14                              9D6      9D6       28         0
                text13                              A4C      A4C       22         0
                text12                               1C       1C      138         0
                text11                              4B2      4B2       92         0
                text10                              64C      64C       7E         0
                text9                               B9C      B9C        A         0
                text8                               A6E      A6E       20         0
                text7                               B4A      B4A       14         0
                text6                               B5E      B5E       12         0
                text5                               874      874       52         0
                text4                               978      978       30         0
                text3                               418      418       9A         0
                text2                               5CC      5CC       80         0
                text1                               B06      B06       18         0
                text0                               7B2      7B2       6C         0
                cinit                               81E      81E       56         0
                idataBANK0                          A25      A25       27         0
                idataCOMRAM                         9FE      9FE       27         0

        CLASS   CONST          

        CLASS   SMALLCONST     

        CLASS   MEDIUMCONST    

        CLASS   COMRAM         
                cstackCOMRAM                         40       40       17         1
                dataCOMRAM                            1        1       27         1
                bssCOMRAM                            28       28       18         1

        CLASS   ABS1           

        CLASS   BIGRAM         

        CLASS   RAM            

        CLASS   BANK0          
                cstackBANK0                          87       87        9         1
                dataBANK0                            60       60       27         1

        CLASS   BANK1          

        CLASS   BANK2          

        CLASS   BANK3          

        CLASS   BANK4          

        CLASS   BANK5          

        CLASS   BANK6          

        CLASS   BANK7          

        CLASS   SFR            

        CLASS   FARRAM         

        CLASS   CONFIG         
                config                           300000   300000        E         0

        CLASS   IDLOC          
                idloc                            200000   200000        8         0

        CLASS   EEDATA         



SEGMENTS        Name                           Load    Length   Top    Selector   Space  Class

                reset_vec                      000000  000004  000004         0       0  CODE    
                dataCOMRAM                     000001  000056  000057         1       1  COMRAM  
                intcode                        000008  000BBC  000BC4         4       0  CODE    
                dataBANK0                      000060  000030  000090        60       1  BANK0   
                idloc                          200000  000008  200008    200000       0  IDLOC   
                config                         300000  00000E  30000E    300000       0  CONFIG  


UNUSED ADDRESS RANGES

        Name                Unused          Largest block    Delta
        BANK0            000090-0000FF               70
        BANK1            000100-0001FF              100
        BANK2            000200-0002FF              100
        BANK3            000300-0003FF              100
        BANK4            000400-0004FF              100
        BANK5            000500-0005FF              100
        BANK6            000600-0006FF              100
        BANK7            000700-0007FF              100
        BIGRAM           000057-00005F                9
                         000090-0007FF              770
        CODE             000004-000007                4
                         000BC4-007FFF             743C
        COMRAM           000057-00005F                9
        CONST            000004-000007                4
                         000BC4-007FFF             743C
        EEDATA           F00000-F000FF              100
        MEDIUMCONST      000BC4-007FFF             743C
        RAM              000090-0007FF              100
        SFR              000F60-000FFF               A0
        SMALLCONST       000BC4-007FFF              100
        STACK            000090-0007FF              770

                                  Symbol Table

Delay10KTCYx@unit          cstackBANK0  000088
Display@ptr                cstackBANK0  00008C
Display@x                  cstackBANK0  00008A
DisplayValue@Number        cstackBANK0  000087
Format_DEC@p               cstackBANK0  000087
Format_DEC@q               cstackBANK0  000089
NumDisplay@Number          cstackBANK0  000089
NumDisplay@Segment         cstackBANK0  000088
OpenUSART@config           cstackBANK0  00008C
OpenUSART@spbrg            cstackBANK0  000087
ReadUSART@data             cstackBANK0  000087
Read_BUF@c                 cstackBANK0  000087
Read_string@buffer         cstackBANK0  000089
Read_string@data           cstackBANK0  00008D
Read_string@i              cstackBANK0  00008C
Read_string@len            cstackBANK0  00008B
Segment_init@Segment       cstackBANK0  000087
Seq_count@ptr1             cstackBANK0  000087
Seq_count@ptr2             cstackBANK0  000089
Seq_count@ptr3             cstackBANK0  00008B
Seq_count@ptr4             cstackBANK0  00008D
Set_TIME@str               cstackBANK0  00008E
Switch_Relay@sw            cstackBANK0  000087
UsartConfig@config1        cstackBANK0  00008E
UsartConfig@config2        cstackBANK0  00008D
Write@data                 cstackBANK0  000088
WriteUSART@data            cstackBANK0  000087
Write_string@c             cstackBANK0  000089
_Blink                     text20       000BC0
_Config_Interrupt          text19       000B90
_Delay10KTCYx              text18       000AEA
_Delay_s_                  text17       000BB0
_Display                   text12       00001C
_DisplayValue              text16       00024E
_Format_DEC                text10       00064C
_INTCONbits                (abs)        000FF2
_LATB0                     (abs)        007C50
_LATBbits                  (abs)        000F8A
_Num1                      bssCOMRAM    00003C
_Num2                      bssCOMRAM    00003D
_Num3                      bssCOMRAM    00003E
_Num4                      bssCOMRAM    00003F
_NumDisplay                text14       0009D6
_OpenUSART                 text2        0005CC
_PEIE                      (abs)        007F96
_PIE1bits                  (abs)        000F9D
_PIR1bits                  (abs)        000F9E
_PORTAbits                 (abs)        000F80
_PORTD                     (abs)        000F83
_RCIE                      (abs)        007CED
_RCIF                      (abs)        007CF5
_RCIP                      (abs)        007CFD
_RCREG                     (abs)        000FAE
_RCSTA                     (abs)        000FAB
_RCSTAbits                 (abs)        000FAB
_ReadUSART                 text8        000A6E
_Read_BUF                  text9        000B9C
_Read_string               text5        000874
_Reset_TIME                text30       000B1E
_Rx_isr                    intcode      000008
_SPBRG                     (abs)        000FAF
_SPBRGH                    (abs)        000FB0
_Segment_init              text15       000908
_Seq_count                 text11       0004B2
_Set_TIME                  text3        000418
_Switch_Relay              text13       000A4C
_TRISAbits                 (abs)        000F92
_TRISBbits                 (abs)        000F93
_TRISCbits                 (abs)        000F94
_TRISD                     (abs)        000F95
_TXREG                     (abs)        000FAD
_TXSTA                     (abs)        000FAC
_TXSTAbits                 (abs)        000FAC
_USART_Status              bssCOMRAM    000028
_UsartConfig               text1        000B06
_Write                     text6        000B5E
_WriteUSART                text7        000B4A
_Write_string              text4        000978
__CFG_BOR$OFF              (abs)        000000
__CFG_BORV$3               (abs)        000000
__CFG_CCP2MX$OFF           (abs)        000000
__CFG_CPUDIV$OSC1_PLL2     (abs)        000000
__CFG_FCMEN$OFF            (abs)        000000
__CFG_FOSC$HS              (abs)        000000
__CFG_ICPRT$OFF            (abs)        000000
__CFG_IESO$OFF             (abs)        000000
__CFG_LPT1OSC$OFF          (abs)        000000
__CFG_LVP$OFF              (abs)        000000
__CFG_MCLRE$ON             (abs)        000000
__CFG_PBADEN$OFF           (abs)        000000
__CFG_PLLDIV$5             (abs)        000000
__CFG_PWRT$OFF             (abs)        000000
__CFG_STVREN$ON            (abs)        000000
__CFG_USBDIV$1             (abs)        000000
__CFG_VREGEN$OFF           (abs)        000000
__CFG_WDT$OFF              (abs)        000000
__CFG_WDTPS$32768          (abs)        000000
__CFG_XINST$OFF            (abs)        000000
__HRAM                     (abs)        000000
__Habs1                    abs1         000000
__Hbank0                   bank0        000000
__Hbank1                   bank1        000000
__Hbank2                   bank2        000000
__Hbank3                   bank3        000000
__Hbank4                   bank4        000000
__Hbank5                   bank5        000000
__Hbank6                   bank6        000000
__Hbank7                   bank7        000000
__Hbigbss                  bigbss       000000
__Hbigdata                 bigdata      000000
__Hbigram                  bigram       000000
__Hbss                     bss          000000
__HbssCOMRAM               bssCOMRAM    000000
__Hcinit                   cinit        000000
__Hclrtext                 clrtext      000000
__Hcomram                  comram       000000
__Hconfig                  config       30000E
__Hconst                   const        000000
__HcstackBANK0             cstackBANK0  000000
__HcstackCOMRAM            cstackCOMRAM 000000
__Hdata                    data         000000
__HdataBANK0               dataBANK0    000000
__HdataCOMRAM              dataCOMRAM   000000
__Heeprom_data             eeprom_data  000000
__Hend_init                end_init     00001C
__Hfarbss                  farbss       000000
__Hfardata                 fardata      000000
__Hibigdata                ibigdata     000000
__Hidata                   idata        000000
__HidataBANK0              idataBANK0   000000
__HidataCOMRAM             idataCOMRAM  000000
__Hidloc                   idloc        200008
__Hifardata                ifardata     000000
__Hinit                    init         000018
__Hintcode                 intcode      000018
__Hintcode_body            intcode_body 000000
__Hintcodelo               intcodelo    000018
__Hintentry                intentry     000000
__Hintret                  intret       000000
__Hintsave_regs            intsave_regs 000000
__Hirdata                  irdata       000000
__Hmediumconst             mediumconst  000000
__HnvFARRAM                nvFARRAM     000000
__Hnvbit                   nvbit        000000
__Hnvrram                  nvrram       000000
__Hparam                   rparam       000000
__Hpowerup                 powerup      000018
__Hram                     ram          000000
__Hramtop                  ramtop       000800
__Hrbit                    rbit         000000
__Hrbss                    rbss         000000
__Hrdata                   rdata        000000
__Hreset_vec               reset_vec    000004
__Hrparam                  rparam       000000
__Hsfr                     sfr          000000
__Hsmallconst              smallconst   000000
__Hspace_0                 (abs)        30000E
__Hspace_1                 (abs)        000090
__Hspace_2                 (abs)        000000
__Hstack                   stack        000000
__Hstruct                  struct       000000
__Htemp                    temp         000000
__Htext                    text         000000
__Htext0                   text0        000000
__Htext1                   text1        000000
__Htext10                  text10       000000
__Htext11                  text11       000000
__Htext12                  text12       000000
__Htext13                  text13       000000
__Htext14                  text14       000000
__Htext15                  text15       000000
__Htext16                  text16       000000
__Htext17                  text17       000000
__Htext18                  text18       000000
__Htext19                  text19       000000
__Htext2                   text2        000000
__Htext20                  text20       000000
__Htext22                  text22       000000
__Htext23                  text23       000000
__Htext24                  text24       000000
__Htext25                  text25       000000
__Htext26                  text26       000000
__Htext27                  text27       000000
__Htext28                  text28       000000
__Htext29                  text29       000000
__Htext3                   text3        000000
__Htext30                  text30       000000
__Htext31                  text31       000000
__Htext32                  text32       000000
__Htext33                  text33       000000
__Htext34                  text34       000000
__Htext35                  text35       000000
__Htext36                  text36       000000
__Htext37                  text37       000000
__Htext4                   text4        000000
__Htext5                   text5        000000
__Htext6                   text6        000000
__Htext7                   text7        000000
__Htext8                   text8        000000
__Htext9                   text9        000000
__LRAM                     (abs)        000001
__Labs1                    abs1         000000
__Lbank0                   bank0        000000
__Lbank1                   bank1        000000
__Lbank2                   bank2        000000
__Lbank3                   bank3        000000
__Lbank4                   bank4        000000
__Lbank5                   bank5        000000
__Lbank6                   bank6        000000
__Lbank7                   bank7        000000
__Lbigbss                  bigbss       000000
__Lbigdata                 bigdata      000000
__Lbigram                  bigram       000000
__Lbss                     bss          000000
__LbssCOMRAM               bssCOMRAM    000000
__Lcinit                   cinit        000000
__Lclrtext                 clrtext      000000
__Lcomram                  comram       000000
__Lconfig                  config       300000
__Lconst                   const        000000
__LcstackBANK0             cstackBANK0  000000
__LcstackCOMRAM            cstackCOMRAM 000000
__Ldata                    data         000000
__LdataBANK0               dataBANK0    000000
__LdataCOMRAM              dataCOMRAM   000000
__Leeprom_data             eeprom_data  000000
__Lend_init                end_init     000018
__Lfarbss                  farbss       000000
__Lfardata                 fardata      000000
__Libigdata                ibigdata     000000
__Lidata                   idata        000000
__LidataBANK0              idataBANK0   000000
__LidataCOMRAM             idataCOMRAM  000000
__Lidloc                   idloc        200000
__Lifardata                ifardata     000000
__Linit                    init         000018
__Lintcode                 intcode      000008
__Lintcode_body            intcode_body 000000
__Lintcodelo               intcodelo    000018
__Lintentry                intentry     000000
__Lintret                  intret       000000
__Lintsave_regs            intsave_regs 000000
__Lirdata                  irdata       000000
__Lmediumconst             mediumconst  000000
__LnvFARRAM                nvFARRAM     000000
__Lnvbit                   nvbit        000000
__Lnvrram                  nvrram       000000
__Lparam                   rparam       000000
__Lpowerup                 powerup      000018
__Lram                     ram          000000
__Lramtop                  ramtop       000800
__Lrbit                    rbit         000000
__Lrbss                    rbss         000000
__Lrdata                   rdata        000000
__Lreset_vec               reset_vec    000000
__Lrparam                  rparam       000000
__Lsfr                     sfr          000000
__Lsmallconst              smallconst   000000
__Lspace_0                 (abs)        000000
__Lspace_1                 (abs)        000000
__Lspace_2                 (abs)        000000
__Lstack                   stack        000000
__Lstruct                  struct       000000
__Ltemp                    temp         000000
__Ltext                    text         000000
__Ltext0                   text0        000000
__Ltext1                   text1        000000
__Ltext10                  text10       000000
__Ltext11                  text11       000000
__Ltext12                  text12       000000
__Ltext13                  text13       000000
__Ltext14                  text14       000000
__Ltext15                  text15       000000
__Ltext16                  text16       000000
__Ltext17                  text17       000000
__Ltext18                  text18       000000
__Ltext19                  text19       000000
__Ltext2                   text2        000000
__Ltext20                  text20       000000
__Ltext22                  text22       000000
__Ltext23                  text23       000000
__Ltext24                  text24       000000
__Ltext25                  text25       000000
__Ltext26                  text26       000000
__Ltext27                  text27       000000
__Ltext28                  text28       000000
__Ltext29                  text29       000000
__Ltext3                   text3        000000
__Ltext30                  text30       000000
__Ltext31                  text31       000000
__Ltext32                  text32       000000
__Ltext33                  text33       000000
__Ltext34                  text34       000000
__Ltext35                  text35       000000
__Ltext36                  text36       000000
__Ltext37                  text37       000000
__Ltext4                   text4        000000
__Ltext5                   text5        000000
__Ltext6                   text6        000000
__Ltext7                   text7        000000
__Ltext8                   text8        000000
__Ltext9                   text9        000000
__S0                       (abs)        30000E
__S1                       (abs)        000090
__S2                       (abs)        000000
___inthi_sp                stack        000000
___intlo_sp                stack        000000
___sp                      stack        000000
__accesstop                (abs)        000060
__activetblptr             (abs)        000002
__end_of_Blink             text20       000BC4
__end_of_Config_Interrupt  text19       000B9C
__end_of_Delay10KTCYx      text18       000B06
__end_of_Delay_s_          text17       000BB8
__end_of_Display           text12       000154
__end_of_DisplayValue      text16       000336
__end_of_Format_DEC        text10       0006CA
__end_of_NumDisplay        text14       0009FE
__end_of_OpenUSART         text2        00064C
__end_of_ReadUSART         text8        000A8E
__end_of_Read_BUF          text9        000BA6
__end_of_Read_string       text5        0008C6
__end_of_Reset_TIME        text30       000B34
__end_of_Rx_isr            intcode_body 0005CC
__end_of_Segment_init      text15       000944
__end_of_Seq_count         text11       000544
__end_of_Set_TIME          text3        0004B2
__end_of_Switch_Relay      text13       000A6E
__end_of_UsartConfig       text1        000B1E
__end_of_Write             text6        000B70
__end_of_WriteUSART        text7        000B5E
__end_of_Write_string      text4        0009A8
__end_of__initialization   cinit        00086A
__end_of_main              text0        00081E
__end_ofi2_Delay10KTCYx    text37       000B4A
__end_ofi2_Delay_s_        text36       000BC0
__end_ofi2_Display         text31       00024E
__end_ofi2_DisplayValue    text35       000418
__end_ofi2_Format_DEC      text29       0007B2
__end_ofi2_NumDisplay      text33       000AAE
__end_ofi2_ReadUSART       text27       000ACC
__end_ofi2_Read_BUF        text28       000BB0
__end_ofi2_Read_string     text24       000908
__end_ofi2_Segment_init    text34       000978
__end_ofi2_Set_TIME        text22       000740
__end_ofi2_Switch_Relay    text32       000AEA
__end_ofi2_Write           text25       000B90
__end_ofi2_WriteUSART      text26       000B82
__end_ofi2_Write_string    text23       0009D6
__initialization           cinit        00081E
__mediumconst              mediumconst  000000
__pbssCOMRAM               bssCOMRAM    000028
__pcinit                   cinit        00081E
__pcstackBANK0             cstackBANK0  000087
__pcstackCOMRAM            cstackCOMRAM 000040
__pdataBANK0               dataBANK0    000060
__pdataCOMRAM              dataCOMRAM   000001
__pidataBANK0              idataBANK0   000A25
__pidataCOMRAM             idataCOMRAM  0009FE
__pintcode                 intcode      000008
__pintcode_body            intcode_body 000544
__ptext0                   text0        0007B2
__ptext1                   text1        000B06
__ptext10                  text10       00064C
__ptext11                  text11       0004B2
__ptext12                  text12       00001C
__ptext13                  text13       000A4C
__ptext14                  text14       0009D6
__ptext15                  text15       000908
__ptext16                  text16       00024E
__ptext17                  text17       000BB0
__ptext18                  text18       000AEA
__ptext19                  text19       000B90
__ptext2                   text2        0005CC
__ptext20                  text20       000BC0
__ptext22                  text22       0006CA
__ptext23                  text23       0009A8
__ptext24                  text24       0008C6
__ptext25                  text25       000B82
__ptext26                  text26       000B70
__ptext27                  text27       000AAE
__ptext28                  text28       000BA6
__ptext29                  text29       000740
__ptext3                   text3        000418
__ptext30                  text30       000B1E
__ptext31                  text31       000154
__ptext32                  text32       000ACC
__ptext33                  text33       000A8E
__ptext34                  text34       000944
__ptext35                  text35       000336
__ptext36                  text36       000BB8
__ptext37                  text37       000B34
__ptext4                   text4        000978
__ptext5                   text5        000874
__ptext6                   text6        000B5E
__ptext7                   text7        000B4A
__ptext8                   text8        000A6E
__ptext9                   text9        000B9C
__ramtop                   ramtop       000800
__size_of_Blink            (abs)        000000
__size_of_Config_Interrupt (abs)        000000
__size_of_Delay10KTCYx     (abs)        000000
__size_of_Delay_s_         (abs)        000000
__size_of_Display          (abs)        000000
__size_of_DisplayValue     (abs)        000000
__size_of_Format_DEC       (abs)        000000
__size_of_NumDisplay       (abs)        000000
__size_of_OpenUSART        (abs)        000000
__size_of_ReadUSART        (abs)        000000
__size_of_Read_BUF         (abs)        000000
__size_of_Read_string      (abs)        000000
__size_of_Reset_TIME       (abs)        000000
__size_of_Rx_isr           (abs)        000000
__size_of_Segment_init     (abs)        000000
__size_of_Seq_count        (abs)        000000
__size_of_Set_TIME         (abs)        000000
__size_of_Switch_Relay     (abs)        000000
__size_of_UsartConfig      (abs)        000000
__size_of_Write            (abs)        000000
__size_of_WriteUSART       (abs)        000000
__size_of_Write_string     (abs)        000000
__size_of_main             (abs)        000000
__size_ofi2_Delay10KTCYx   (abs)        000000
__size_ofi2_Delay_s_       (abs)        000000
__size_ofi2_Display        (abs)        000000
__size_ofi2_DisplayValue   (abs)        000000
__size_ofi2_Format_DEC     (abs)        000000
__size_ofi2_NumDisplay     (abs)        000000
__size_ofi2_ReadUSART      (abs)        000000
__size_ofi2_Read_BUF       (abs)        000000
__size_ofi2_Read_string    (abs)        000000
__size_ofi2_Segment_init   (abs)        000000
__size_ofi2_Set_TIME       (abs)        000000
__size_ofi2_Switch_Relay   (abs)        000000
__size_ofi2_Write          (abs)        000000
__size_ofi2_WriteUSART     (abs)        000000
__size_ofi2_Write_string   (abs)        000000
__smallconst               smallconst   000000
_array                     bssCOMRAM    000034
_config1                   dataCOMRAM   000001
_dot                       bssCOMRAM    000029
_main                      text0        0007B2
_str                       bssCOMRAM    00002A
_str1                      dataBANK0    000060
_str2                      dataCOMRAM   000002
end_of_initialization      cinit        00086A
i2Delay10KTCYx@unit        cstackCOMRAM 000041
i2Display@ptr              cstackCOMRAM 000045
i2Display@x                cstackCOMRAM 000043
i2DisplayValue@Number      cstackCOMRAM 000040
i2Format_DEC@p             cstackCOMRAM 000040
i2Format_DEC@q             cstackCOMRAM 000042
i2NumDisplay@Number        cstackCOMRAM 000042
i2NumDisplay@Segment       cstackCOMRAM 000041
i2ReadUSART@data           cstackCOMRAM 000040
i2Read_BUF@c               cstackCOMRAM 000040
i2Read_string@buffer       cstackCOMRAM 000042
i2Read_string@data         cstackCOMRAM 000046
i2Read_string@i            cstackCOMRAM 000045
i2Read_string@len          cstackCOMRAM 000044
i2Segment_init@Segment     cstackCOMRAM 000040
i2Set_TIME@str             cstackCOMRAM 000047
i2Switch_Relay@sw          cstackCOMRAM 000040
i2Write@data               cstackCOMRAM 000041
i2WriteUSART@data          cstackCOMRAM 000040
i2Write_string@c           cstackCOMRAM 000042
i2_Delay10KTCYx            text37       000B34
i2_Delay_s_                text36       000BB8
i2_Display                 text31       000154
i2_DisplayValue            text35       000336
i2_Format_DEC              text29       000740
i2_NumDisplay              text33       000A8E
i2_ReadUSART               text27       000AAE
i2_Read_BUF                text28       000BA6
i2_Read_string             text24       0008C6
i2_Segment_init            text34       000944
i2_Set_TIME                text22       0006CA
i2_Switch_Relay            text32       000ACC
i2_Write                   text25       000B82
i2_WriteUSART              text26       000B70
i2_Write_string            text23       0009A8
int_func                   intcode_body 000544
intlevel0                  text         000000
intlevel1                  text         000000
intlevel2                  text         000000
intlevel3                  text         000000
stackhi                    (abs)        0007FF
stacklo                    (abs)        000090
start                      init         000018
start_initialization       cinit        00081E


FUNCTION INFORMATION:

 *************** function _main *****************
 Defined at:
		line 82 in file "main.c"
 Parameters:    Size  Location     Type
		None
 Auto vars:     Size  Location     Type
		None
 Return value:  Size  Location     Type
		None               void
 Registers used:
		wreg, fsr2l, fsr2h, status,2, status,0, cstack
 Tracked objects:
		On entry : 
		On exit  : 
		Unchanged: 
 Data sizes:     COMRAM   BANK0   BANK1   BANK2   BANK3   BANK4   BANK5   BANK6   BANK7
      Params:         0       0       0       0       0       0       0       0       0
      Locals:         0       0       0       0       0       0       0       0       0
      Temps:          0       0       0       0       0       0       0       0       0
      Totals:         0       0       0       0       0       0       0       0       0
Total ram usage:        0 bytes
 Hardware stack levels required when called:    9
 This function calls:
		_Blink
		_Config_Interrupt
		_Display
		_Seq_count
		_Set_TIME
		_Switch_Relay
		_UsartConfig
 This function is called by:
		Startup code after reset
 This function uses a non-reentrant model


 *************** function _UsartConfig *****************
 Defined at:
		line 21 in file "uart.c"
 Parameters:    Size  Location     Type
  config1         1    wreg     unsigned char 
  config2         1    6[BANK0 ] unsigned char 
 Auto vars:     Size  Location     Type
  config1         1    7[BANK0 ] unsigned char 
 Return value:  Size  Location     Type
		None               void
 Registers used:
		wreg, status,2, cstack
 Tracked objects:
		On entry : 
		On exit  : 
		Unchanged: 
 Data sizes:     COMRAM   BANK0   BANK1   BANK2   BANK3   BANK4   BANK5   BANK6   BANK7
      Params:         0       1       0       0       0       0       0       0       0
      Locals:         0       1       0       0       0       0       0       0       0
      Temps:          0       0       0       0       0       0       0       0       0
      Totals:         0       2       0       0       0       0       0       0       0
Total ram usage:        2 bytes
 Hardware stack levels used:    1
 Hardware stack levels required when called:    6
 This function calls:
		_OpenUSART
 This function is called by:
		_main
 This function uses a non-reentrant model


 *************** function _OpenUSART *****************
 Defined at:
		line 73 in file "C:\Program Files (x86)\Microchip\xc8\v1.32\sources\pic18\plib\USART\uopen.c"
 Parameters:    Size  Location     Type
  config          1    wreg     unsigned char 
  spbrg           2    0[BANK0 ] unsigned int 
 Auto vars:     Size  Location     Type
  config          1    5[BANK0 ] unsigned char 
 Return value:  Size  Location     Type
		None               void
 Registers used:
		wreg, status,2
 Tracked objects:
		On entry : 
		On exit  : 
		Unchanged: 
 Data sizes:     COMRAM   BANK0   BANK1   BANK2   BANK3   BANK4   BANK5   BANK6   BANK7
      Params:         0       2       0       0       0       0       0       0       0
      Locals:         0       1       0       0       0       0       0       0       0
      Temps:          0       3       0       0       0       0       0       0       0
      Totals:         0       6       0       0       0       0       0       0       0
Total ram usage:        6 bytes
 Hardware stack levels used:    1
 Hardware stack levels required when called:    5
 This function calls:
		Nothing
 This function is called by:
		_UsartConfig
 This function uses a non-reentrant model


 *************** function _Set_TIME *****************
 Defined at:
		line 79 in file "timer.c"
 Parameters:    Size  Location     Type
  str             2    7[BANK0 ] PTR unsigned char 
		 -> str(10), 
 Auto vars:     Size  Location     Type
		None
 Return value:  Size  Location     Type
		None               void
 Registers used:
		wreg, fsr2l, fsr2h, status,2, status,0, cstack
 Tracked objects:
		On entry : 
		On exit  : 
		Unchanged: 
 Data sizes:     COMRAM   BANK0   BANK1   BANK2   BANK3   BANK4   BANK5   BANK6   BANK7
      Params:         0       2       0       0       0       0       0       0       0
      Locals:         0       0       0       0       0       0       0       0       0
      Temps:          0       0       0       0       0       0       0       0       0
      Totals:         0       2       0       0       0       0       0       0       0
Total ram usage:        2 bytes
 Hardware stack levels used:    1
 Hardware stack levels required when called:    8
 This function calls:
		_Format_DEC
		_Read_BUF
		_Read_string
		_Write_string
 This function is called by:
		_main
 This function uses a non-reentrant model


 *************** function _Write_string *****************
 Defined at:
		line 32 in file "uart.c"
 Parameters:    Size  Location     Type
  c               2    2[BANK0 ] PTR unsigned char 
		 -> str2(38), str1(39), 
 Auto vars:     Size  Location     Type
		None
 Return value:  Size  Location     Type
		None               void
 Registers used:
		wreg, fsr2l, fsr2h, status,2, status,0, cstack
 Tracked objects:
		On entry : 
		On exit  : 
		Unchanged: 
 Data sizes:     COMRAM   BANK0   BANK1   BANK2   BANK3   BANK4   BANK5   BANK6   BANK7
      Params:         0       2       0       0       0       0       0       0       0
      Locals:         0       0       0       0       0       0       0       0       0
      Temps:          0       0       0       0       0       0       0       0       0
      Totals:         0       2       0       0       0       0       0       0       0
Total ram usage:        2 bytes
 Hardware stack levels used:    1
 Hardware stack levels required when called:    7
 This function calls:
		_Write
		_WriteUSART
 This function is called by:
		_Set_TIME
 This function uses a non-reentrant model


 *************** function _Read_string *****************
 Defined at:
		line 51 in file "uart.c"
 Parameters:    Size  Location     Type
  buffer          2    2[BANK0 ] PTR unsigned char 
		 -> str(10), 
  len             1    4[BANK0 ] unsigned char 
 Auto vars:     Size  Location     Type
  data            1    6[BANK0 ] unsigned char 
  i               1    5[BANK0 ] unsigned char 
 Return value:  Size  Location     Type
		None               void
 Registers used:
		wreg, fsr2l, fsr2h, status,2, status,0, cstack
 Tracked objects:
		On entry : 
		On exit  : 
		Unchanged: 
 Data sizes:     COMRAM   BANK0   BANK1   BANK2   BANK3   BANK4   BANK5   BANK6   BANK7
      Params:         0       3       0       0       0       0       0       0       0
      Locals:         0       2       0       0       0       0       0       0       0
      Temps:          0       0       0       0       0       0       0       0       0
      Totals:         0       5       0       0       0       0       0       0       0
Total ram usage:        5 bytes
 Hardware stack levels used:    1
 Hardware stack levels required when called:    7
 This function calls:
		_ReadUSART
		_Write
		_WriteUSART
 This function is called by:
		_Set_TIME
 This function uses a non-reentrant model


 *************** function _Write *****************
 Defined at:
		line 26 in file "uart.c"
 Parameters:    Size  Location     Type
  data            1    wreg     unsigned char 
 Auto vars:     Size  Location     Type
  data            1    1[BANK0 ] unsigned char 
 Return value:  Size  Location     Type
		None               void
 Registers used:
		wreg, status,2, cstack
 Tracked objects:
		On entry : 
		On exit  : 
		Unchanged: 
 Data sizes:     COMRAM   BANK0   BANK1   BANK2   BANK3   BANK4   BANK5   BANK6   BANK7
      Params:         0       0       0       0       0       0       0       0       0
      Locals:         0       1       0       0       0       0       0       0       0
      Temps:          0       0       0       0       0       0       0       0       0
      Totals:         0       1       0       0       0       0       0       0       0
Total ram usage:        1 bytes
 Hardware stack levels used:    1
 Hardware stack levels required when called:    6
 This function calls:
		_WriteUSART
 This function is called by:
		_Write_string
		_Read_string
 This function uses a non-reentrant model


 *************** function _WriteUSART *****************
 Defined at:
		line 13 in file "C:\Program Files (x86)\Microchip\xc8\v1.32\sources\pic18\plib\USART\uwrite.c"
 Parameters:    Size  Location     Type
  data            1    wreg     unsigned char 
 Auto vars:     Size  Location     Type
  data            1    0[BANK0 ] unsigned char 
 Return value:  Size  Location     Type
		None               void
 Registers used:
		wreg
 Tracked objects:
		On entry : 
		On exit  : 
		Unchanged: 
 Data sizes:     COMRAM   BANK0   BANK1   BANK2   BANK3   BANK4   BANK5   BANK6   BANK7
      Params:         0       0       0       0       0       0       0       0       0
      Locals:         0       1       0       0       0       0       0       0       0
      Temps:          0       0       0       0       0       0       0       0       0
      Totals:         0       1       0       0       0       0       0       0       0
Total ram usage:        1 bytes
 Hardware stack levels used:    1
 Hardware stack levels required when called:    5
 This function calls:
		Nothing
 This function is called by:
		_Write
		_Write_string
		_Read_string
 This function uses a non-reentrant model


 *************** function _ReadUSART *****************
 Defined at:
		line 15 in file "C:\Program Files (x86)\Microchip\xc8\v1.32\sources\pic18\plib\USART\uread.c"
 Parameters:    Size  Location     Type
		None
 Auto vars:     Size  Location     Type
  data            1    0[BANK0 ] unsigned char 
 Return value:  Size  Location     Type
                  1    wreg      unsigned char 
 Registers used:
		wreg, status,2, status,0
 Tracked objects:
		On entry : 
		On exit  : 
		Unchanged: 
 Data sizes:     COMRAM   BANK0   BANK1   BANK2   BANK3   BANK4   BANK5   BANK6   BANK7
      Params:         0       0       0       0       0       0       0       0       0
      Locals:         0       1       0       0       0       0       0       0       0
      Temps:          0       0       0       0       0       0       0       0       0
      Totals:         0       1       0       0       0       0       0       0       0
Total ram usage:        1 bytes
 Hardware stack levels used:    1
 Hardware stack levels required when called:    5
 This function calls:
		Nothing
 This function is called by:
		_Read_string
		_Read_char
 This function uses a non-reentrant model


 *************** function _Read_BUF *****************
 Defined at:
		line 18 in file "timer.c"
 Parameters:    Size  Location     Type
		None
 Auto vars:     Size  Location     Type
  c               1    0[BANK0 ] unsigned char 
 Return value:  Size  Location     Type
		None               void
 Registers used:
		None
 Tracked objects:
		On entry : 
		On exit  : 
		Unchanged: 
 Data sizes:     COMRAM   BANK0   BANK1   BANK2   BANK3   BANK4   BANK5   BANK6   BANK7
      Params:         0       0       0       0       0       0       0       0       0
      Locals:         0       1       0       0       0       0       0       0       0
      Temps:          0       0       0       0       0       0       0       0       0
      Totals:         0       1       0       0       0       0       0       0       0
Total ram usage:        1 bytes
 Hardware stack levels used:    1
 Hardware stack levels required when called:    5
 This function calls:
		Nothing
 This function is called by:
		_Set_TIME
 This function uses a non-reentrant model


 *************** function _Format_DEC *****************
 Defined at:
		line 25 in file "timer.c"
 Parameters:    Size  Location     Type
  p               2    0[BANK0 ] PTR unsigned char 
		 -> str(10), 
  q               2    2[BANK0 ] PTR unsigned char 
		 -> array(8), 
 Auto vars:     Size  Location     Type
		None
 Return value:  Size  Location     Type
		None               void
 Registers used:
		wreg, fsr2l, fsr2h, status,2, status,0
 Tracked objects:
		On entry : 
		On exit  : 
		Unchanged: 
 Data sizes:     COMRAM   BANK0   BANK1   BANK2   BANK3   BANK4   BANK5   BANK6   BANK7
      Params:         0       4       0       0       0       0       0       0       0
      Locals:         0       0       0       0       0       0       0       0       0
      Temps:          0       0       0       0       0       0       0       0       0
      Totals:         0       4       0       0       0       0       0       0       0
Total ram usage:        4 bytes
 Hardware stack levels used:    1
 Hardware stack levels required when called:    5
 This function calls:
		Nothing
 This function is called by:
		_Set_TIME
 This function uses a non-reentrant model


 *************** function _Seq_count *****************
 Defined at:
		line 11 in file "counter.c"
 Parameters:    Size  Location     Type
  ptr1            2    0[BANK0 ] PTR unsigned char 
		 -> Num1(1), 
  ptr2            2    2[BANK0 ] PTR unsigned char 
		 -> Num2(1), 
  ptr3            2    4[BANK0 ] PTR unsigned char 
		 -> Num3(1), 
  ptr4            2    6[BANK0 ] PTR unsigned char 
		 -> Num4(1), 
 Auto vars:     Size  Location     Type
		None
 Return value:  Size  Location     Type
		None               void
 Registers used:
		wreg, fsr2l, fsr2h, status,2, status,0
 Tracked objects:
		On entry : 
		On exit  : 
		Unchanged: 
 Data sizes:     COMRAM   BANK0   BANK1   BANK2   BANK3   BANK4   BANK5   BANK6   BANK7
      Params:         0       8       0       0       0       0       0       0       0
      Locals:         0       0       0       0       0       0       0       0       0
      Temps:          0       0       0       0       0       0       0       0       0
      Totals:         0       8       0       0       0       0       0       0       0
Total ram usage:        8 bytes
 Hardware stack levels used:    1
 Hardware stack levels required when called:    5
 This function calls:
		Nothing
 This function is called by:
		_main
 This function uses a non-reentrant model


 *************** function _Display *****************
 Defined at:
		line 49 in file "timer.c"
 Parameters:    Size  Location     Type
		None
 Auto vars:     Size  Location     Type
  ptr             2    5[BANK0 ] PTR unsigned char 
		 -> array(8), 
  x               2    3[BANK0 ] int 
 Return value:  Size  Location     Type
		None               void
 Registers used:
		wreg, fsr2l, fsr2h, status,2, status,0, cstack
 Tracked objects:
		On entry : 
		On exit  : 
		Unchanged: 
 Data sizes:     COMRAM   BANK0   BANK1   BANK2   BANK3   BANK4   BANK5   BANK6   BANK7
      Params:         0       0       0       0       0       0       0       0       0
      Locals:         0       4       0       0       0       0       0       0       0
      Temps:          0       0       0       0       0       0       0       0       0
      Totals:         0       4       0       0       0       0       0       0       0
Total ram usage:        4 bytes
 Hardware stack levels used:    1
 Hardware stack levels required when called:    7
 This function calls:
		_Delay_s_
		_NumDisplay
		_Switch_Relay
 This function is called by:
		_main
 This function uses a non-reentrant model


 *************** function _Switch_Relay *****************
 Defined at:
		line 38 in file "timer.c"
 Parameters:    Size  Location     Type
  sw              1    wreg     unsigned char 
 Auto vars:     Size  Location     Type
  sw              1    0[BANK0 ] unsigned char 
 Return value:  Size  Location     Type
		None               void
 Registers used:
		wreg, status,2, status,0
 Tracked objects:
		On entry : 
		On exit  : 
		Unchanged: 
 Data sizes:     COMRAM   BANK0   BANK1   BANK2   BANK3   BANK4   BANK5   BANK6   BANK7
      Params:         0       0       0       0       0       0       0       0       0
      Locals:         0       1       0       0       0       0       0       0       0
      Temps:          0       0       0       0       0       0       0       0       0
      Totals:         0       1       0       0       0       0       0       0       0
Total ram usage:        1 bytes
 Hardware stack levels used:    1
 Hardware stack levels required when called:    5
 This function calls:
		Nothing
 This function is called by:
		_main
		_Display
 This function uses a non-reentrant model


 *************** function _NumDisplay *****************
 Defined at:
		line 166 in file "segment.c"
 Parameters:    Size  Location     Type
  Number          1    wreg     unsigned char 
  Segment         1    1[BANK0 ] unsigned char 
 Auto vars:     Size  Location     Type
  Number          1    2[BANK0 ] unsigned char 
 Return value:  Size  Location     Type
		None               void
 Registers used:
		wreg, status,2, status,0, cstack
 Tracked objects:
		On entry : 
		On exit  : 
		Unchanged: 
 Data sizes:     COMRAM   BANK0   BANK1   BANK2   BANK3   BANK4   BANK5   BANK6   BANK7
      Params:         0       1       0       0       0       0       0       0       0
      Locals:         0       1       0       0       0       0       0       0       0
      Temps:          0       0       0       0       0       0       0       0       0
      Totals:         0       2       0       0       0       0       0       0       0
Total ram usage:        2 bytes
 Hardware stack levels used:    1
 Hardware stack levels required when called:    6
 This function calls:
		_DisplayValue
		_Segment_init
 This function is called by:
		_Display
 This function uses a non-reentrant model


 *************** function _Segment_init *****************
 Defined at:
		line 63 in file "segment.c"
 Parameters:    Size  Location     Type
  Segment         1    wreg     unsigned char 
 Auto vars:     Size  Location     Type
  Segment         1    0[BANK0 ] unsigned char 
 Return value:  Size  Location     Type
		None               void
 Registers used:
		wreg, status,2, status,0
 Tracked objects:
		On entry : 
		On exit  : 
		Unchanged: 
 Data sizes:     COMRAM   BANK0   BANK1   BANK2   BANK3   BANK4   BANK5   BANK6   BANK7
      Params:         0       0       0       0       0       0       0       0       0
      Locals:         0       1       0       0       0       0       0       0       0
      Temps:          0       0       0       0       0       0       0       0       0
      Totals:         0       1       0       0       0       0       0       0       0
Total ram usage:        1 bytes
 Hardware stack levels used:    1
 Hardware stack levels required when called:    5
 This function calls:
		Nothing
 This function is called by:
		_NumDisplay
 This function uses a non-reentrant model


 *************** function _DisplayValue *****************
 Defined at:
		line 85 in file "segment.c"
 Parameters:    Size  Location     Type
  Number          1    wreg     unsigned char 
 Auto vars:     Size  Location     Type
  Number          1    0[BANK0 ] unsigned char 
 Return value:  Size  Location     Type
		None               void
 Registers used:
		wreg, status,2, status,0
 Tracked objects:
		On entry : 
		On exit  : 
		Unchanged: 
 Data sizes:     COMRAM   BANK0   BANK1   BANK2   BANK3   BANK4   BANK5   BANK6   BANK7
      Params:         0       0       0       0       0       0       0       0       0
      Locals:         0       1       0       0       0       0       0       0       0
      Temps:          0       0       0       0       0       0       0       0       0
      Totals:         0       1       0       0       0       0       0       0       0
Total ram usage:        1 bytes
 Hardware stack levels used:    1
 Hardware stack levels required when called:    5
 This function calls:
		Nothing
 This function is called by:
		_NumDisplay
 This function uses a non-reentrant model


 *************** function _Delay_s_ *****************
 Defined at:
		line 53 in file "delay.c"
 Parameters:    Size  Location     Type
		None
 Auto vars:     Size  Location     Type
		None
 Return value:  Size  Location     Type
		None               void
 Registers used:
		wreg, cstack
 Tracked objects:
		On entry : 
		On exit  : 
		Unchanged: 
 Data sizes:     COMRAM   BANK0   BANK1   BANK2   BANK3   BANK4   BANK5   BANK6   BANK7
      Params:         0       0       0       0       0       0       0       0       0
      Locals:         0       0       0       0       0       0       0       0       0
      Temps:          0       0       0       0       0       0       0       0       0
      Totals:         0       0       0       0       0       0       0       0       0
Total ram usage:        0 bytes
 Hardware stack levels used:    1
 Hardware stack levels required when called:    6
 This function calls:
		_Delay10KTCYx
 This function is called by:
		_Display
 This function uses a non-reentrant model


 *************** function _Delay10KTCYx *****************
 Defined at:
		line 8 in file "C:\Program Files (x86)\Microchip\xc8\v1.32\sources\pic18\d10ktcyx.c"
 Parameters:    Size  Location     Type
  unit            1    wreg     unsigned char 
 Auto vars:     Size  Location     Type
  unit            1    1[BANK0 ] unsigned char 
 Return value:  Size  Location     Type
		None               void
 Registers used:
		wreg
 Tracked objects:
		On entry : 
		On exit  : 
		Unchanged: 
 Data sizes:     COMRAM   BANK0   BANK1   BANK2   BANK3   BANK4   BANK5   BANK6   BANK7
      Params:         0       0       0       0       0       0       0       0       0
      Locals:         0       1       0       0       0       0       0       0       0
      Temps:          0       1       0       0       0       0       0       0       0
      Totals:         0       2       0       0       0       0       0       0       0
Total ram usage:        2 bytes
 Hardware stack levels used:    1
 Hardware stack levels required when called:    5
 This function calls:
		Nothing
 This function is called by:
		_Delay_s_
 This function uses a non-reentrant model


 *************** function _Config_Interrupt *****************
 Defined at:
		line 92 in file "timer.c"
 Parameters:    Size  Location     Type
		None
 Auto vars:     Size  Location     Type
		None
 Return value:  Size  Location     Type
		None               void
 Registers used:
		None
 Tracked objects:
		On entry : 
		On exit  : 
		Unchanged: 
 Data sizes:     COMRAM   BANK0   BANK1   BANK2   BANK3   BANK4   BANK5   BANK6   BANK7
      Params:         0       0       0       0       0       0       0       0       0
      Locals:         0       0       0       0       0       0       0       0       0
      Temps:          0       0       0       0       0       0       0       0       0
      Totals:         0       0       0       0       0       0       0       0       0
Total ram usage:        0 bytes
 Hardware stack levels used:    1
 Hardware stack levels required when called:    5
 This function calls:
		Nothing
 This function is called by:
		_main
 This function uses a non-reentrant model


 *************** function _Blink *****************
 Defined at:
		line 100 in file "timer.c"
 Parameters:    Size  Location     Type
		None
 Auto vars:     Size  Location     Type
		None
 Return value:  Size  Location     Type
		None               void
 Registers used:
		None
 Tracked objects:
		On entry : 
		On exit  : 
		Unchanged: 
 Data sizes:     COMRAM   BANK0   BANK1   BANK2   BANK3   BANK4   BANK5   BANK6   BANK7
      Params:         0       0       0       0       0       0       0       0       0
      Locals:         0       0       0       0       0       0       0       0       0
      Temps:          0       0       0       0       0       0       0       0       0
      Totals:         0       0       0       0       0       0       0       0       0
Total ram usage:        0 bytes
 Hardware stack levels used:    1
 Hardware stack levels required when called:    5
 This function calls:
		Nothing
 This function is called by:
		_main
 This function uses a non-reentrant model


 *************** function _Rx_isr *****************
 Defined at:
		line 68 in file "main.c"
 Parameters:    Size  Location     Type
		None
 Auto vars:     Size  Location     Type
		None
 Return value:  Size  Location     Type
		None               void
 Registers used:
		wreg, fsr2l, fsr2h, status,2, status,0, cstack
 Tracked objects:
		On entry : 
		On exit  : 
		Unchanged: 
 Data sizes:     COMRAM   BANK0   BANK1   BANK2   BANK3   BANK4   BANK5   BANK6   BANK7
      Params:         0       0       0       0       0       0       0       0       0
      Locals:         0       0       0       0       0       0       0       0       0
      Temps:         14       0       0       0       0       0       0       0       0
      Totals:        14       0       0       0       0       0       0       0       0
Total ram usage:       14 bytes
 Hardware stack levels used:    1
 Hardware stack levels required when called:    4
 This function calls:
		_Reset_TIME
		i2_Read_BUF
		i2_Set_TIME
		i2_Switch_Relay
 This function is called by:
		Interrupt level 2
 This function uses a non-reentrant model


 *************** function i2_Set_TIME *****************
 Defined at:
		line 79 in file "timer.c"
 Parameters:    Size  Location     Type
  str             2    7[COMRAM] PTR unsigned char 
		 -> str(10), 
 Auto vars:     Size  Location     Type
		None
 Return value:  Size  Location     Type
		None               void
 Registers used:
		wreg, fsr2l, fsr2h, status,2, status,0, cstack
 Tracked objects:
		On entry : 
		On exit  : 
		Unchanged: 
 Data sizes:     COMRAM   BANK0   BANK1   BANK2   BANK3   BANK4   BANK5   BANK6   BANK7
      Params:         2       0       0       0       0       0       0       0       0
      Locals:         0       0       0       0       0       0       0       0       0
      Temps:          0       0       0       0       0       0       0       0       0
      Totals:         2       0       0       0       0       0       0       0       0
Total ram usage:        2 bytes
 Hardware stack levels used:    1
 Hardware stack levels required when called:    3
 This function calls:
		i2_Format_DEC
		i2_Read_BUF
		i2_Read_string
		i2_Write_string
 This function is called by:
		_Rx_isr
 This function uses a non-reentrant model


 *************** function i2_Write_string *****************
 Defined at:
		line 32 in file "uart.c"
 Parameters:    Size  Location     Type
  c               2    2[COMRAM] PTR unsigned char 
		 -> str2(38), str1(39), 
 Auto vars:     Size  Location     Type
		None
 Return value:  Size  Location     Type
		None               void
 Registers used:
		wreg, fsr2l, fsr2h, status,2, status,0, cstack
 Tracked objects:
		On entry : 
		On exit  : 
		Unchanged: 
 Data sizes:     COMRAM   BANK0   BANK1   BANK2   BANK3   BANK4   BANK5   BANK6   BANK7
      Params:         2       0       0       0       0       0       0       0       0
      Locals:         0       0       0       0       0       0       0       0       0
      Temps:          0       0       0       0       0       0       0       0       0
      Totals:         2       0       0       0       0       0       0       0       0
Total ram usage:        2 bytes
 Hardware stack levels used:    1
 Hardware stack levels required when called:    2
 This function calls:
		i2_Write
		i2_WriteUSART
 This function is called by:
		i2_Set_TIME
 This function uses a non-reentrant model


 *************** function i2_Read_string *****************
 Defined at:
		line 51 in file "uart.c"
 Parameters:    Size  Location     Type
  buffer          2    2[COMRAM] PTR unsigned char 
		 -> str(10), 
  len             1    4[COMRAM] unsigned char 
 Auto vars:     Size  Location     Type
  Read_string     1    6[COMRAM] unsigned char 
  Read_string     1    5[COMRAM] unsigned char 
 Return value:  Size  Location     Type
		None               void
 Registers used:
		wreg, fsr2l, fsr2h, status,2, status,0, cstack
 Tracked objects:
		On entry : 
		On exit  : 
		Unchanged: 
 Data sizes:     COMRAM   BANK0   BANK1   BANK2   BANK3   BANK4   BANK5   BANK6   BANK7
      Params:         3       0       0       0       0       0       0       0       0
      Locals:         2       0       0       0       0       0       0       0       0
      Temps:          0       0       0       0       0       0       0       0       0
      Totals:         5       0       0       0       0       0       0       0       0
Total ram usage:        5 bytes
 Hardware stack levels used:    1
 Hardware stack levels required when called:    2
 This function calls:
		i2_ReadUSART
		i2_Write
		i2_WriteUSART
 This function is called by:
		i2_Set_TIME
 This function uses a non-reentrant model


 *************** function i2_Write *****************
 Defined at:
		line 26 in file "uart.c"
 Parameters:    Size  Location     Type
  data            1    wreg     unsigned char 
 Auto vars:     Size  Location     Type
  data            1    1[COMRAM] unsigned char 
 Return value:  Size  Location     Type
		None               void
 Registers used:
		wreg, status,2, cstack
 Tracked objects:
		On entry : 
		On exit  : 
		Unchanged: 
 Data sizes:     COMRAM   BANK0   BANK1   BANK2   BANK3   BANK4   BANK5   BANK6   BANK7
      Params:         0       0       0       0       0       0       0       0       0
      Locals:         1       0       0       0       0       0       0       0       0
      Temps:          0       0       0       0       0       0       0       0       0
      Totals:         1       0       0       0       0       0       0       0       0
Total ram usage:        1 bytes
 Hardware stack levels used:    1
 Hardware stack levels required when called:    1
 This function calls:
		i2_WriteUSART
 This function is called by:
		i2_Write_string
		i2_Read_string
 This function uses a non-reentrant model


 *************** function i2_WriteUSART *****************
 Defined at:
		line 13 in file "C:\Program Files (x86)\Microchip\xc8\v1.32\sources\pic18\plib\USART\uwrite.c"
 Parameters:    Size  Location     Type
  data            1    wreg     unsigned char 
 Auto vars:     Size  Location     Type
  data            1    0[COMRAM] unsigned char 
 Return value:  Size  Location     Type
		None               void
 Registers used:
		wreg
 Tracked objects:
		On entry : 
		On exit  : 
		Unchanged: 
 Data sizes:     COMRAM   BANK0   BANK1   BANK2   BANK3   BANK4   BANK5   BANK6   BANK7
      Params:         0       0       0       0       0       0       0       0       0
      Locals:         1       0       0       0       0       0       0       0       0
      Temps:          0       0       0       0       0       0       0       0       0
      Totals:         1       0       0       0       0       0       0       0       0
Total ram usage:        1 bytes
 Hardware stack levels used:    1
 This function calls:
		Nothing
 This function is called by:
		i2_Write
		i2_Write_string
		i2_Read_string
 This function uses a non-reentrant model


 *************** function i2_ReadUSART *****************
 Defined at:
		line 15 in file "C:\Program Files (x86)\Microchip\xc8\v1.32\sources\pic18\plib\USART\uread.c"
 Parameters:    Size  Location     Type
		None
 Auto vars:     Size  Location     Type
  ReadUSART       1    0[COMRAM] unsigned char 
 Return value:  Size  Location     Type
                  1    wreg      unsigned char 
 Registers used:
		wreg, status,2, status,0
 Tracked objects:
		On entry : 
		On exit  : 
		Unchanged: 
 Data sizes:     COMRAM   BANK0   BANK1   BANK2   BANK3   BANK4   BANK5   BANK6   BANK7
      Params:         0       0       0       0       0       0       0       0       0
      Locals:         1       0       0       0       0       0       0       0       0
      Temps:          0       0       0       0       0       0       0       0       0
      Totals:         1       0       0       0       0       0       0       0       0
Total ram usage:        1 bytes
 Hardware stack levels used:    1
 This function calls:
		Nothing
 This function is called by:
		i2_Read_string
 This function uses a non-reentrant model


 *************** function i2_Read_BUF *****************
 Defined at:
		line 18 in file "timer.c"
 Parameters:    Size  Location     Type
		None
 Auto vars:     Size  Location     Type
  Read_BUF        1    0[COMRAM] unsigned char 
 Return value:  Size  Location     Type
		None               void
 Registers used:
		None
 Tracked objects:
		On entry : 
		On exit  : 
		Unchanged: 
 Data sizes:     COMRAM   BANK0   BANK1   BANK2   BANK3   BANK4   BANK5   BANK6   BANK7
      Params:         0       0       0       0       0       0       0       0       0
      Locals:         1       0       0       0       0       0       0       0       0
      Temps:          0       0       0       0       0       0       0       0       0
      Totals:         1       0       0       0       0       0       0       0       0
Total ram usage:        1 bytes
 Hardware stack levels used:    1
 This function calls:
		Nothing
 This function is called by:
		_Rx_isr
		i2_Set_TIME
 This function uses a non-reentrant model


 *************** function i2_Format_DEC *****************
 Defined at:
		line 25 in file "timer.c"
 Parameters:    Size  Location     Type
  p               2    0[COMRAM] PTR unsigned char 
		 -> str(10), 
  q               2    2[COMRAM] PTR unsigned char 
		 -> array(8), 
 Auto vars:     Size  Location     Type
		None
 Return value:  Size  Location     Type
		None               void
 Registers used:
		wreg, fsr2l, fsr2h, status,2, status,0
 Tracked objects:
		On entry : 
		On exit  : 
		Unchanged: 
 Data sizes:     COMRAM   BANK0   BANK1   BANK2   BANK3   BANK4   BANK5   BANK6   BANK7
      Params:         4       0       0       0       0       0       0       0       0
      Locals:         0       0       0       0       0       0       0       0       0
      Temps:          0       0       0       0       0       0       0       0       0
      Totals:         4       0       0       0       0       0       0       0       0
Total ram usage:        4 bytes
 Hardware stack levels used:    1
 This function calls:
		Nothing
 This function is called by:
		i2_Set_TIME
 This function uses a non-reentrant model


 *************** function _Reset_TIME *****************
 Defined at:
		line 74 in file "timer.c"
 Parameters:    Size  Location     Type
		None
 Auto vars:     Size  Location     Type
		None
 Return value:  Size  Location     Type
		None               void
 Registers used:
		wreg, fsr2l, fsr2h, status,2, status,0, cstack
 Tracked objects:
		On entry : 
		On exit  : 
		Unchanged: 
 Data sizes:     COMRAM   BANK0   BANK1   BANK2   BANK3   BANK4   BANK5   BANK6   BANK7
      Params:         0       0       0       0       0       0       0       0       0
      Locals:         0       0       0       0       0       0       0       0       0
      Temps:          0       0       0       0       0       0       0       0       0
      Totals:         0       0       0       0       0       0       0       0       0
Total ram usage:        0 bytes
 Hardware stack levels used:    1
 Hardware stack levels required when called:    3
 This function calls:
		i2_Display
 This function is called by:
		_Rx_isr
 This function uses a non-reentrant model


 *************** function i2_Display *****************
 Defined at:
		line 49 in file "timer.c"
 Parameters:    Size  Location     Type
		None
 Auto vars:     Size  Location     Type
  Display         2    5[COMRAM] PTR unsigned char 
		 -> array(8), 
  Display         2    3[COMRAM] int 
 Return value:  Size  Location     Type
		None               void
 Registers used:
		wreg, fsr2l, fsr2h, status,2, status,0, cstack
 Tracked objects:
		On entry : 
		On exit  : 
		Unchanged: 
 Data sizes:     COMRAM   BANK0   BANK1   BANK2   BANK3   BANK4   BANK5   BANK6   BANK7
      Params:         0       0       0       0       0       0       0       0       0
      Locals:         4       0       0       0       0       0       0       0       0
      Temps:          0       0       0       0       0       0       0       0       0
      Totals:         4       0       0       0       0       0       0       0       0
Total ram usage:        4 bytes
 Hardware stack levels used:    1
 Hardware stack levels required when called:    2
 This function calls:
		i2_Delay_s_
		i2_NumDisplay
		i2_Switch_Relay
 This function is called by:
		_Reset_TIME
 This function uses a non-reentrant model


 *************** function i2_Switch_Relay *****************
 Defined at:
		line 38 in file "timer.c"
 Parameters:    Size  Location     Type
  sw              1    wreg     unsigned char 
 Auto vars:     Size  Location     Type
  sw              1    0[COMRAM] unsigned char 
 Return value:  Size  Location     Type
		None               void
 Registers used:
		wreg, status,2, status,0
 Tracked objects:
		On entry : 
		On exit  : 
		Unchanged: 
 Data sizes:     COMRAM   BANK0   BANK1   BANK2   BANK3   BANK4   BANK5   BANK6   BANK7
      Params:         0       0       0       0       0       0       0       0       0
      Locals:         1       0       0       0       0       0       0       0       0
      Temps:          0       0       0       0       0       0       0       0       0
      Totals:         1       0       0       0       0       0       0       0       0
Total ram usage:        1 bytes
 Hardware stack levels used:    1
 This function calls:
		Nothing
 This function is called by:
		_Rx_isr
		i2_Display
 This function uses a non-reentrant model


 *************** function i2_NumDisplay *****************
 Defined at:
		line 166 in file "segment.c"
 Parameters:    Size  Location     Type
  Number          1    wreg     unsigned char 
  Segment         1    1[COMRAM] unsigned char 
 Auto vars:     Size  Location     Type
  Number          1    2[COMRAM] unsigned char 
 Return value:  Size  Location     Type
		None               void
 Registers used:
		wreg, status,2, status,0, cstack
 Tracked objects:
		On entry : 
		On exit  : 
		Unchanged: 
 Data sizes:     COMRAM   BANK0   BANK1   BANK2   BANK3   BANK4   BANK5   BANK6   BANK7
      Params:         1       0       0       0       0       0       0       0       0
      Locals:         1       0       0       0       0       0       0       0       0
      Temps:          0       0       0       0       0       0       0       0       0
      Totals:         2       0       0       0       0       0       0       0       0
Total ram usage:        2 bytes
 Hardware stack levels used:    1
 Hardware stack levels required when called:    1
 This function calls:
		i2_DisplayValue
		i2_Segment_init
 This function is called by:
		i2_Display
 This function uses a non-reentrant model


 *************** function i2_Segment_init *****************
 Defined at:
		line 63 in file "segment.c"
 Parameters:    Size  Location     Type
  Segment         1    wreg     unsigned char 
 Auto vars:     Size  Location     Type
  Segment         1    0[COMRAM] unsigned char 
 Return value:  Size  Location     Type
		None               void
 Registers used:
		wreg, status,2, status,0
 Tracked objects:
		On entry : 
		On exit  : 
		Unchanged: 
 Data sizes:     COMRAM   BANK0   BANK1   BANK2   BANK3   BANK4   BANK5   BANK6   BANK7
      Params:         0       0       0       0       0       0       0       0       0
      Locals:         1       0       0       0       0       0       0       0       0
      Temps:          0       0       0       0       0       0       0       0       0
      Totals:         1       0       0       0       0       0       0       0       0
Total ram usage:        1 bytes
 Hardware stack levels used:    1
 This function calls:
		Nothing
 This function is called by:
		i2_NumDisplay
 This function uses a non-reentrant model


 *************** function i2_DisplayValue *****************
 Defined at:
		line 85 in file "segment.c"
 Parameters:    Size  Location     Type
  Number          1    wreg     unsigned char 
 Auto vars:     Size  Location     Type
  Number          1    0[COMRAM] unsigned char 
 Return value:  Size  Location     Type
		None               void
 Registers used:
		wreg, status,2, status,0
 Tracked objects:
		On entry : 
		On exit  : 
		Unchanged: 
 Data sizes:     COMRAM   BANK0   BANK1   BANK2   BANK3   BANK4   BANK5   BANK6   BANK7
      Params:         0       0       0       0       0       0       0       0       0
      Locals:         1       0       0       0       0       0       0       0       0
      Temps:          0       0       0       0       0       0       0       0       0
      Totals:         1       0       0       0       0       0       0       0       0
Total ram usage:        1 bytes
 Hardware stack levels used:    1
 This function calls:
		Nothing
 This function is called by:
		i2_NumDisplay
 This function uses a non-reentrant model


 *************** function i2_Delay_s_ *****************
 Defined at:
		line 53 in file "delay.c"
 Parameters:    Size  Location     Type
		None
 Auto vars:     Size  Location     Type
		None
 Return value:  Size  Location     Type
		None               void
 Registers used:
		wreg, cstack
 Tracked objects:
		On entry : 
		On exit  : 
		Unchanged: 
 Data sizes:     COMRAM   BANK0   BANK1   BANK2   BANK3   BANK4   BANK5   BANK6   BANK7
      Params:         0       0       0       0       0       0       0       0       0
      Locals:         0       0       0       0       0       0       0       0       0
      Temps:          0       0       0       0       0       0       0       0       0
      Totals:         0       0       0       0       0       0       0       0       0
Total ram usage:        0 bytes
 Hardware stack levels used:    1
 Hardware stack levels required when called:    1
 This function calls:
		i2_Delay10KTCYx
 This function is called by:
		i2_Display
 This function uses a non-reentrant model


 *************** function i2_Delay10KTCYx *****************
 Defined at:
		line 8 in file "C:\Program Files (x86)\Microchip\xc8\v1.32\sources\pic18\d10ktcyx.c"
 Parameters:    Size  Location     Type
  unit            1    wreg     unsigned char 
 Auto vars:     Size  Location     Type
  unit            1    1[COMRAM] unsigned char 
 Return value:  Size  Location     Type
		None               void
 Registers used:
		wreg
 Tracked objects:
		On entry : 
		On exit  : 
		Unchanged: 
 Data sizes:     COMRAM   BANK0   BANK1   BANK2   BANK3   BANK4   BANK5   BANK6   BANK7
      Params:         0       0       0       0       0       0       0       0       0
      Locals:         1       0       0       0       0       0       0       0       0
      Temps:          1       0       0       0       0       0       0       0       0
      Totals:         2       0       0       0       0       0       0       0       0
Total ram usage:        2 bytes
 Hardware stack levels used:    1
 This function calls:
		Nothing
 This function is called by:
		i2_Delay_s_
 This function uses a non-reentrant model



MODULE INFORMATION

Module		Function		Class		Link	Load	Size
delay.c
		_Delay_s_      		CODE           	0BB0	0000	8

delay.c estimated size: 8

uart.c
		_Write_string  		CODE           	0978	0000	48
		_Write         		CODE           	0B5E	0000	18
		_Read_string   		CODE           	0874	0000	82
		_UsartConfig   		CODE           	0B06	0000	24

uart.c estimated size: 172

C:\Program Files (x86)\Microchip\xc8\v1.32\sources\pic18\plib\USART\uwrite.c
		_WriteUSART    		CODE           	0B4A	0000	20

C:\Program Files (x86)\Microchip\xc8\v1.32\sources\pic18\plib\USART\uwrite.c estimated size: 20

timer.c
		_Reset_TIME    		CODE           	0B1E	0000	22
		_Switch_Relay  		CODE           	0A4C	0000	34
		_Read_BUF      		CODE           	0B9C	0000	10
		_Format_DEC    		CODE           	064C	0000	126
		_Blink         		CODE           	0BC0	0000	4
		_Config_Interru		CODE           	0B90	0000	12
		_Display       		CODE           	001C	0000	312
		_Set_TIME      		CODE           	0418	0000	154

timer.c estimated size: 674

C:\Program Files (x86)\Microchip\xc8\v1.32\sources\pic18\plib\USART\uopen.c
		_OpenUSART     		CODE           	05CC	0000	128

C:\Program Files (x86)\Microchip\xc8\v1.32\sources\pic18\plib\USART\uopen.c estimated size: 128

shared
		i2_Format_DEC  		CODE           	0740	0000	114
		i2_Display     		CODE           	0154	0000	250
		i2_Read_BUF    		CODE           	0BA6	0000	10
		i2_Set_TIME    		CODE           	06CA	0000	118
		i2_Read_string 		CODE           	08C6	0000	66
		__initializatio		CODE           	081E	0000	76
		i2_ReadUSART   		CODE           	0AAE	0000	30
		i2_Delay_s_    		CODE           	0BB8	0000	8
		i2_DisplayValue		CODE           	0336	0000	226
		i2_NumDisplay  		CODE           	0A8E	0000	32
		i2_Write       		CODE           	0B82	0000	14
		i2_WriteUSART  		CODE           	0B70	0000	18
		i2_Delay10KTCYx		CODE           	0B34	0000	22
		i2_Switch_Relay		CODE           	0ACC	0000	30
		i2_Segment_init		CODE           	0944	0000	52
		i2_Write_string		CODE           	09A8	0000	46

shared estimated size: 1112

C:\Program Files (x86)\Microchip\xc8\v1.32\sources\pic18\plib\USART\uread.c
		_ReadUSART     		CODE           	0A6E	0000	32

C:\Program Files (x86)\Microchip\xc8\v1.32\sources\pic18\plib\USART\uread.c estimated size: 32

segment.c
		_Segment_init  		CODE           	0908	0000	60
		_NumDisplay    		CODE           	09D6	0000	40
		_DisplayValue  		CODE           	024E	0000	232

segment.c estimated size: 332

counter.c
		_Seq_count     		CODE           	04B2	0000	146

counter.c estimated size: 146

main.c
		_main          		CODE           	07B2	0000	108
		_Rx_isr        		CODE           	0008	0000	1476

main.c estimated size: 1584

C:\Program Files (x86)\Microchip\xc8\v1.32\sources\pic18\d10ktcyx.c
		_Delay10KTCYx  		CODE           	0AEA	0000	28

C:\Program Files (x86)\Microchip\xc8\v1.32\sources\pic18\d10ktcyx.c estimated size: 28

