Microchip MPLAB XC8 Compiler V1.21 ()

Linker command line:

--edf=C:\Program Files (x86)\Microchip\xc8\v1.21\dat\en_msgs.txt -cs \
  -h+dist/default/debug\Example_9.6.X.debug.sym \
  --cmf=dist/default/debug\Example_9.6.X.debug.cmf -z -Q18F4550 \
  -oC:\Users\tbi\AppData\Local\Temp\s1n0.6 \
  -Mdist/default/debug/Example_9.6.X.debug.map -E1 -ver=XC8 \
  -ACODE=00h-07FFFh -ACONST=00h-07FFFh -ASMALLCONST=0800h-08FFhx120 \
  -AMEDIUMCONST=0800h-07FFFh -ACOMRAM=01h-05Fh -AABS1=00h-07FFh \
  -ABIGRAM=01h-07FFh -ARAM=060h-0FFh,0100h-01FFhx7 -ABANK0=060h-0FFh \
  -ABANK1=0100h-01FFh -ABANK2=0200h-02FFh -ABANK3=0300h-03FFh \
  -ABANK4=0400h-04FFh -ABANK5=0500h-05FFh -ABANK6=0600h-06FFh \
  -ABANK7=0700h-07FFh -ASFR=0F60h-0FFFh \
  -preset_vec=00h,intcode=08h,intcodelo,powerup,init,end_init \
  -pramtop=0800h -psmallconst=SMALLCONST -pmediumconst=MEDIUMCONST \
  -pconst=CONST -AFARRAM=00h-00h -ACONFIG=0300000h-030000Dh -pconfig=CONFIG \
  -AIDLOC=0200000h-0200007h -pidloc=IDLOC -AEEDATA=0F00000h-0F000FFh \
  -peeprom_data=EEDATA \
  -prdata=COMRAM,nvrram=COMRAM,nvbit=COMRAM,rbss=COMRAM,rbit=COMRAM \
  -pfarbss=FARRAM,fardata=FARRAM,nvFARRAM=FARRAM \
  -pintsave_regs=BIGRAM,bigbss=BIGRAM,bigdata=BIGRAM -pbss=RAM \
  -pidata=CODE,irdata=CODE,ibigdata=CODE,ifardata=CODE \
  C:\Users\tbi\AppData\Local\Temp\s1n0.obj \
  dist/default/debug\Example_9.6.X.debug.obj 

Object code version is 3.11

Machine type is 18F4550

Call graph: (short form)




                Name                               Link     Load   Length Selector   Space Scale
C:\Users\tbi\AppData\Local\Temp\s1n0.obj
                end_init                             14       14        4        4       0
                reset_vec                             0        0        4        0       0
                idloc                            200000   200000        8   200000       0
                config                           300000   300000        E   300000       0
dist/default/debug\Example_9.6.X.debug.obj
                intcode                               8        8        C        4       0
                smallconst                          800      800        C      400       0
                text25                             11EC     11EC       1A      406       0
                text24                             1234     1234       16      90F       0
                text23                             1268     1268        E      90F       0
                text22                             1110     1110       32      406       0
                text21                              B74      B74       E4      406       0
                text20                             116A     116A       28      406       0
                text19                              E5E      E5E       92      406       0
                text18                              94E      94E      142      406       0
                text17                             1192     1192       26      406       0
                text16                              D12      D12       BA      406       0
                text15                             1068     1068       3E      406       0
                intcode_body                        EF0      EF0       88      406       0
                text13                              C58      C58       BA      406       0
                text12                             11D2     11D2       1A      406       0
                text11                             10DE     10DE       32      406       0
                text10                              A90      A90       E4      406       0
                text9                              1142     1142       28      406       0
                text8                              121E     121E       16      90F       0
                text7                              125A     125A        E      90F       0
                text6                               DCC      DCC       92      406       0
                text5                               80C      80C      142      406       0
                text4                              102A     102A       3E      406       0
                text3                              1276     1276        C      90F       0
                text2                               F78      F78       5C      406       0
                text1                              124A     124A       10      90F       0
                text0                              10A6     10A6       38      406       0
                cstackCOMRAM                          1        1       2E        1       1
                dataBANK0                            60       60       17       60       1
                dataCOMRAM                           2F       2F       1A        1       1
                bssCOMRAM                            49       49       13        1       1
                cinit                               FD4      FD4       56      406       0
                idataCOMRAM                        11B8     11B8       1A      406       0
                idataBANK0                         1206     1206       17      406       0

TOTAL           Name                               Link     Load   Length     Space
        CLASS   CODE           
                end_init                             14       14        4         0
                intcode                               8        8        C         0
                reset_vec                             0        0        4         0
                text25                             11EC     11EC       1A         0
                text24                             1234     1234       16         0
                text23                             1268     1268        E         0
                text22                             1110     1110       32         0
                text21                              B74      B74       E4         0
                text20                             116A     116A       28         0
                text19                              E5E      E5E       92         0
                text18                              94E      94E      142         0
                text17                             1192     1192       26         0
                text16                              D12      D12       BA         0
                text15                             1068     1068       3E         0
                intcode_body                        EF0      EF0       88         0
                text13                              C58      C58       BA         0
                text12                             11D2     11D2       1A         0
                text11                             10DE     10DE       32         0
                text10                              A90      A90       E4         0
                text9                              1142     1142       28         0
                text8                              121E     121E       16         0
                text7                              125A     125A        E         0
                text6                               DCC      DCC       92         0
                text5                               80C      80C      142         0
                text4                              102A     102A       3E         0
                text3                              1276     1276        C         0
                text2                               F78      F78       5C         0
                text1                              124A     124A       10         0
                text0                              10A6     10A6       38         0
                cinit                               FD4      FD4       56         0
                idataCOMRAM                        11B8     11B8       1A         0
                idataBANK0                         1206     1206       17         0

        CLASS   CONST          

        CLASS   SMALLCONST     
                smallconst                          800      800        C         0

        CLASS   MEDIUMCONST    

        CLASS   COMRAM         
                cstackCOMRAM                          1        1       2E         1
                dataCOMRAM                           2F       2F       1A         1
                bssCOMRAM                            49       49       13         1

        CLASS   ABS1           

        CLASS   BIGRAM         

        CLASS   RAM            

        CLASS   BANK0          
                dataBANK0                            60       60       17         1

        CLASS   BANK1          

        CLASS   BANK2          

        CLASS   BANK3          

        CLASS   BANK4          

        CLASS   BANK5          

        CLASS   BANK6          

        CLASS   BANK7          

        CLASS   SFR            

        CLASS   FARRAM         

        CLASS   CONFIG         
                config                           300000   300000        E         0

        CLASS   IDLOC          
                idloc                            200000   200000        8         0

        CLASS   EEDATA         



SEGMENTS        Name                           Load    Length   Top    Selector   Space  Class

                reset_vec                      000000  000004  000004         0       0  CODE    
                cstackCOMRAM                   000001  00005B  00005C         1       1  COMRAM  
                intcode                        000008  000010  000018         4       0  CODE    
                dataBANK0                      000060  000017  000077        60       1  BANK0   
                smallconst                     000800  00000C  00080C       400       0  SMALLCON
                text5                          00080C  000A11  00121D       406       0  CODE    
                text8                          00121E  000064  001282       90F       0  CODE    
                idloc                          200000  000008  200008    200000       0  IDLOC   
                config                         300000  00000E  30000E    300000       0  CONFIG  


UNUSED ADDRESS RANGES

        Name                Unused          Largest block    Delta
        BANK0            000077-0000FF               89
        BANK1            000100-0001FF              100
        BANK2            000200-0002FF              100
        BANK3            000300-0003FF              100
        BANK4            000400-0004FF              100
        BANK5            000500-0005FF              100
        BANK6            000600-0006FF              100
        BANK7            000700-0007FF              100
        BIGRAM           00005C-00005F                4
                         000077-0007FF              789
        CODE             000004-000007                4
                         000018-0007FF              7E8
                         00121D-00121D                1
                         001282-007FFF             6D7E
        COMRAM           00005C-00005F                4
        CONST            000004-000007                4
                         000018-0007FF              7E8
                         00121D-00121D                1
                         001282-007FFF             6D7E
        EEDATA           F00000-F000FF              100
        MEDIUMCONST      00121D-00121D                1
                         001282-007FFF             6D7E
        RAM              000077-0007FF              100
        SFR              000F60-000FFF               A0
        SMALLCONST       00121D-00121D                1
                         001282-007FFF              100

                                  Symbol Table

?_Delay10KTCYx             cstackCOMRAM 00001E
?_DisplayValue             cstackCOMRAM 00001E
?_Format_DEC               cstackCOMRAM 00001E
?_NumDisplay               cstackCOMRAM 000020
?_OpenUSART                cstackCOMRAM 00001E
?_Segment_init             cstackCOMRAM 00001E
?_Seq_count                cstackCOMRAM 00001E
?_Set_TIME                 cstackCOMRAM 00002B
?_Switch_Relay             cstackCOMRAM 00001E
?_UsartConfig              cstackCOMRAM 000021
?i2_Delay10KTCYx           cstackCOMRAM 000001
?i2_DisplayValue           cstackCOMRAM 000001
?i2_Format_DEC             cstackCOMRAM 000001
?i2_NumDisplay             cstackCOMRAM 000003
?i2_Segment_init           cstackCOMRAM 000001
?i2_Seq_count              cstackCOMRAM 000001
?i2_Set_TIME               cstackCOMRAM 00000E
?i2_Switch_Relay           cstackCOMRAM 000001
Delay10KTCYx@unit          cstackCOMRAM 00001E
Display@ptr                cstackCOMRAM 000029
Display@x                  cstackCOMRAM 000027
DisplayValue@Number        cstackCOMRAM 00001E
Format_DEC@p               cstackCOMRAM 00001E
Format_DEC@q               cstackCOMRAM 000020
NumDisplay@Number          cstackCOMRAM 000020
NumDisplay@Segment         cstackCOMRAM 000021
OpenUSART@config           cstackCOMRAM 00001E
OpenUSART@spbrg            cstackCOMRAM 00001F
Segment_init@Segment       cstackCOMRAM 00001E
Seq_count@ptr1             cstackCOMRAM 00001E
Seq_count@ptr2             cstackCOMRAM 000020
Seq_count@ptr3             cstackCOMRAM 000022
Seq_count@ptr4             cstackCOMRAM 000024
Set_TIME@str               cstackCOMRAM 00002B
Switch_Relay@sw            cstackCOMRAM 00001E
UsartConfig@config1        cstackCOMRAM 000021
UsartConfig@config2        cstackCOMRAM 000022
_Config_Interrupt          text3        001276
_Delay10KTCYx              text8        00121E
_Delay_s_                  text7        00125A
_Display                   text5        00080C
_DisplayValue              text10       000A90
_Format_DEC                text13       000C58
_INTCONbits                (abs)        000FF2
_LATBbits                  (abs)        000F8A
_Num1                      dataCOMRAM   000045
_Num2                      dataCOMRAM   000046
_Num3                      dataCOMRAM   000047
_Num4                      dataCOMRAM   000048
_NumDisplay                text9        001142
_OpenUSART                 text2        000F78
_PEIE                      (abs)        007F96
_PIE1bits                  (abs)        000F9D
_PIR1bits                  (abs)        000F9E
_PORTAbits                 (abs)        000F80
_PORTD                     (abs)        000F83
_RCIE                      (abs)        007CED
_RCIF                      (abs)        007CF5
_RCIP                      (abs)        007CFD
_RCREG                     (abs)        000FAE
_RCSTA                     (abs)        000FAB
_RCSTAbits                 (abs)        000FAB
_Reset_TIME                text17       001192
_Rx_isr                    intcode      000008
_SPBRG                     (abs)        000FAF
_SPBRGH                    (abs)        000FB0
_Segment_init              text11       0010DE
_Seq_count                 text6        000DCC
_Set_TIME                  text4        00102A
_Switch_Relay              text12       0011D2
_TRISAbits                 (abs)        000F92
_TRISBbits                 (abs)        000F93
_TRISCbits                 (abs)        000F94
_TRISD                     (abs)        000F95
_TXREG                     (abs)        000FAD
_TXSTA                     (abs)        000FAC
_TXSTAbits                 (abs)        000FAC
_USART_Status              bssCOMRAM    000049
_UsartConfig               text1        00124A
__CFG_BOR$ON               (abs)        000000
__CFG_BORV$3               (abs)        000000
__CFG_CCP2MX$ON            (abs)        000000
__CFG_CP0$OFF              (abs)        000000
__CFG_CP1$OFF              (abs)        000000
__CFG_CP2$OFF              (abs)        000000
__CFG_CP3$OFF              (abs)        000000
__CFG_CPB$OFF              (abs)        000000
__CFG_CPD$OFF              (abs)        000000
__CFG_CPUDIV$OSC1_PLL2     (abs)        000000
__CFG_EBTR0$OFF            (abs)        000000
__CFG_EBTR1$OFF            (abs)        000000
__CFG_EBTR2$OFF            (abs)        000000
__CFG_EBTR3$OFF            (abs)        000000
__CFG_EBTRB$OFF            (abs)        000000
__CFG_FCMEN$OFF            (abs)        000000
__CFG_FOSC$HS              (abs)        000000
__CFG_ICPRT$OFF            (abs)        000000
__CFG_IESO$OFF             (abs)        000000
__CFG_LPT1OSC$OFF          (abs)        000000
__CFG_LVP$ON               (abs)        000000
__CFG_MCLRE$ON             (abs)        000000
__CFG_PBADEN$OFF           (abs)        000000
__CFG_PLLDIV$5             (abs)        000000
__CFG_PWRT$OFF             (abs)        000000
__CFG_STVREN$ON            (abs)        000000
__CFG_USBDIV$1             (abs)        000000
__CFG_VREGEN$OFF           (abs)        000000
__CFG_WDT$OFF              (abs)        000000
__CFG_WDTPS$32768          (abs)        000000
__CFG_WRT0$OFF             (abs)        000000
__CFG_WRT1$OFF             (abs)        000000
__CFG_WRT2$OFF             (abs)        000000
__CFG_WRT3$OFF             (abs)        000000
__CFG_WRTB$OFF             (abs)        000000
__CFG_WRTC$OFF             (abs)        000000
__CFG_WRTD$OFF             (abs)        000000
__CFG_XINST$OFF            (abs)        000000
__HRAM                     (abs)        000000
__Habs1                    abs1         000000
__Hbank0                   bank0        000000
__Hbank1                   bank1        000000
__Hbank2                   bank2        000000
__Hbank3                   bank3        000000
__Hbank4                   bank4        000000
__Hbank5                   bank5        000000
__Hbank6                   bank6        000000
__Hbank7                   bank7        000000
__Hbigbss                  bigbss       000000
__Hbigdata                 bigdata      000000
__Hbigram                  bigram       000000
__Hbss                     bss          000000
__HbssCOMRAM               bssCOMRAM    000000
__Hcinit                   cinit        000000
__Hclrtext                 clrtext      000000
__Hcomram                  comram       000000
__Hconfig                  config       30000E
__Hconst                   const        000000
__HcstackCOMRAM            cstackCOMRAM 000000
__Hdata                    data         000000
__HdataBANK0               dataBANK0    000000
__HdataCOMRAM              dataCOMRAM   000000
__Heeprom_data             eeprom_data  000000
__Hend_init                end_init     000018
__Hfarbss                  farbss       000000
__Hfardata                 fardata      000000
__Hibigdata                ibigdata     000000
__Hidata                   idata        000000
__HidataBANK0              idataBANK0   000000
__HidataCOMRAM             idataCOMRAM  000000
__Hidloc                   idloc        200008
__Hifardata                ifardata     000000
__Hinit                    init         000014
__Hintcode                 intcode      000014
__Hintcode_body            intcode_body 000000
__Hintcodelo               intcodelo    000014
__Hintentry                intentry     000000
__Hintret                  intret       000000
__Hintsave_regs            intsave_regs 000000
__Hirdata                  irdata       000000
__Hmediumconst             mediumconst  000000
__HnvFARRAM                nvFARRAM     000000
__Hnvbit                   nvbit        000000
__Hnvrram                  nvrram       000000
__Hparam                   rparam       000000
__Hpowerup                 powerup      000014
__Hram                     ram          000000
__Hramtop                  ramtop       000800
__Hrbit                    rbit         000000
__Hrbss                    rbss         000000
__Hrdata                   rdata        000000
__Hreset_vec               reset_vec    000004
__Hrparam                  rparam       000000
__Hsfr                     sfr          000000
__Hsmallconst              smallconst   00080C
__Hstruct                  struct       000000
__Htemp                    temp         000000
__Htext                    text         000000
__Htext0                   text0        000000
__Htext1                   text1        000000
__Htext10                  text10       000000
__Htext11                  text11       000000
__Htext12                  text12       000000
__Htext13                  text13       000000
__Htext15                  text15       000000
__Htext16                  text16       000000
__Htext17                  text17       000000
__Htext18                  text18       000000
__Htext19                  text19       000000
__Htext2                   text2        000000
__Htext20                  text20       000000
__Htext21                  text21       000000
__Htext22                  text22       000000
__Htext23                  text23       000000
__Htext24                  text24       000000
__Htext25                  text25       000000
__Htext3                   text3        000000
__Htext4                   text4        000000
__Htext5                   text5        000000
__Htext6                   text6        000000
__Htext7                   text7        000000
__Htext8                   text8        000000
__Htext9                   text9        000000
__LRAM                     (abs)        000001
__Labs1                    abs1         000000
__Lbank0                   bank0        000000
__Lbank1                   bank1        000000
__Lbank2                   bank2        000000
__Lbank3                   bank3        000000
__Lbank4                   bank4        000000
__Lbank5                   bank5        000000
__Lbank6                   bank6        000000
__Lbank7                   bank7        000000
__Lbigbss                  bigbss       000000
__Lbigdata                 bigdata      000000
__Lbigram                  bigram       000000
__Lbss                     bss          000000
__LbssCOMRAM               bssCOMRAM    000000
__Lcinit                   cinit        000000
__Lclrtext                 clrtext      000000
__Lcomram                  comram       000000
__Lconfig                  config       300000
__Lconst                   const        000000
__LcstackCOMRAM            cstackCOMRAM 000000
__Ldata                    data         000000
__LdataBANK0               dataBANK0    000000
__LdataCOMRAM              dataCOMRAM   000000
__Leeprom_data             eeprom_data  000000
__Lend_init                end_init     000014
__Lfarbss                  farbss       000000
__Lfardata                 fardata      000000
__Libigdata                ibigdata     000000
__Lidata                   idata        000000
__LidataBANK0              idataBANK0   000000
__LidataCOMRAM             idataCOMRAM  000000
__Lidloc                   idloc        200000
__Lifardata                ifardata     000000
__Linit                    init         000014
__Lintcode                 intcode      000008
__Lintcode_body            intcode_body 000000
__Lintcodelo               intcodelo    000014
__Lintentry                intentry     000000
__Lintret                  intret       000000
__Lintsave_regs            intsave_regs 000000
__Lirdata                  irdata       000000
__Lmediumconst             mediumconst  000000
__LnvFARRAM                nvFARRAM     000000
__Lnvbit                   nvbit        000000
__Lnvrram                  nvrram       000000
__Lparam                   rparam       000000
__Lpowerup                 powerup      000014
__Lram                     ram          000000
__Lramtop                  ramtop       000800
__Lrbit                    rbit         000000
__Lrbss                    rbss         000000
__Lrdata                   rdata        000000
__Lreset_vec               reset_vec    000000
__Lrparam                  rparam       000000
__Lsfr                     sfr          000000
__Lsmallconst              smallconst   000800
__Lstruct                  struct       000000
__Ltemp                    temp         000000
__Ltext                    text         000000
__Ltext0                   text0        000000
__Ltext1                   text1        000000
__Ltext10                  text10       000000
__Ltext11                  text11       000000
__Ltext12                  text12       000000
__Ltext13                  text13       000000
__Ltext15                  text15       000000
__Ltext16                  text16       000000
__Ltext17                  text17       000000
__Ltext18                  text18       000000
__Ltext19                  text19       000000
__Ltext2                   text2        000000
__Ltext20                  text20       000000
__Ltext21                  text21       000000
__Ltext22                  text22       000000
__Ltext23                  text23       000000
__Ltext24                  text24       000000
__Ltext25                  text25       000000
__Ltext3                   text3        000000
__Ltext4                   text4        000000
__Ltext5                   text5        000000
__Ltext6                   text6        000000
__Ltext7                   text7        000000
__Ltext8                   text8        000000
__Ltext9                   text9        000000
__S0                       (abs)        30000E
__S1                       (abs)        000077
__accesstop                (abs)        000060
__activetblptr             (abs)        000002
__end_of_Config_Interrupt  text3        001282
__end_of_Delay10KTCYx      text8        001234
__end_of_Delay_s_          text7        001268
__end_of_Display           text5        00094E
__end_of_DisplayValue      text10       000B74
__end_of_Format_DEC        text13       000D12
__end_of_NumDisplay        text9        00116A
__end_of_OpenUSART         text2        000FD4
__end_of_Reset_TIME        text17       0011B8
__end_of_Rx_isr            intcode_body 000F78
__end_of_Segment_init      text11       001110
__end_of_Seq_count         text6        000E5E
__end_of_Set_TIME          text4        001068
__end_of_Switch_Relay      text12       0011EC
__end_of_UsartConfig       text1        00125A
__end_of__initialization   cinit        001020
__end_of__stringdata       smallconst   00080A
__end_of_main              text0        0010DE
__end_ofi2_Delay10KTCYx    text24       00124A
__end_ofi2_Delay_s_        text23       001276
__end_ofi2_Display         text18       000A90
__end_ofi2_DisplayValue    text21       000C58
__end_ofi2_Format_DEC      text16       000DCC
__end_ofi2_NumDisplay      text20       001192
__end_ofi2_Segment_init    text22       001142
__end_ofi2_Seq_count       text19       000EF0
__end_ofi2_Set_TIME        text15       0010A6
__end_ofi2_Switch_Relay    text25       001206
__initialization           cinit        000FD4
__mediumconst              mediumconst  000000
__pbssCOMRAM               bssCOMRAM    000049
__pcinit                   cinit        000FD4
__pcstackCOMRAM            cstackCOMRAM 000001
__pdataBANK0               dataBANK0    000060
__pdataCOMRAM              dataCOMRAM   00002F
__pidataBANK0              idataBANK0   001206
__pidataCOMRAM             idataCOMRAM  0011B8
__pintcode                 intcode      000008
__pintcode_body            intcode_body 000EF0
__psmallconst              smallconst   000800
__ptext0                   text0        0010A6
__ptext1                   text1        00124A
__ptext10                  text10       000A90
__ptext11                  text11       0010DE
__ptext12                  text12       0011D2
__ptext13                  text13       000C58
__ptext15                  text15       001068
__ptext16                  text16       000D12
__ptext17                  text17       001192
__ptext18                  text18       00094E
__ptext19                  text19       000E5E
__ptext2                   text2        000F78
__ptext20                  text20       00116A
__ptext21                  text21       000B74
__ptext22                  text22       001110
__ptext23                  text23       001268
__ptext24                  text24       001234
__ptext25                  text25       0011EC
__ptext3                   text3        001276
__ptext4                   text4        00102A
__ptext5                   text5        00080C
__ptext6                   text6        000DCC
__ptext7                   text7        00125A
__ptext8                   text8        00121E
__ptext9                   text9        001142
__ramtop                   ramtop       000800
__size_of_Config_Interrupt (abs)        000000
__size_of_Delay10KTCYx     (abs)        000000
__size_of_Delay_s_         (abs)        000000
__size_of_Display          (abs)        000000
__size_of_DisplayValue     (abs)        000000
__size_of_Format_DEC       (abs)        000000
__size_of_NumDisplay       (abs)        000000
__size_of_OpenUSART        (abs)        000000
__size_of_Reset_TIME       (abs)        000000
__size_of_Rx_isr           (abs)        000000
__size_of_Segment_init     (abs)        000000
__size_of_Seq_count        (abs)        000000
__size_of_Set_TIME         (abs)        000000
__size_of_Switch_Relay     (abs)        000000
__size_of_UsartConfig      (abs)        000000
__size_of_main             (abs)        000000
__size_ofi2_Delay10KTCYx   (abs)        000000
__size_ofi2_Delay_s_       (abs)        000000
__size_ofi2_Display        (abs)        000000
__size_ofi2_DisplayValue   (abs)        000000
__size_ofi2_Format_DEC     (abs)        000000
__size_ofi2_NumDisplay     (abs)        000000
__size_ofi2_Segment_init   (abs)        000000
__size_ofi2_Seq_count      (abs)        000000
__size_ofi2_Set_TIME       (abs)        000000
__size_ofi2_Switch_Relay   (abs)        000000
__smallconst               smallconst   000800
__stringdata               smallconst   000800
_array                     bssCOMRAM    000055
_dot                       bssCOMRAM    00004A
_main                      text0        0010A6
_str                       bssCOMRAM    00004B
_str2                      dataBANK0    000060
_str3                      dataCOMRAM   00002F
end_of_initialization      cinit        001020
i2Delay10KTCYx@unit        cstackCOMRAM 000001
i2Display@ptr              cstackCOMRAM 00000C
i2Display@x                cstackCOMRAM 00000A
i2DisplayValue@Number      cstackCOMRAM 000001
i2Format_DEC@p             cstackCOMRAM 000001
i2Format_DEC@q             cstackCOMRAM 000003
i2NumDisplay@Number        cstackCOMRAM 000003
i2NumDisplay@Segment       cstackCOMRAM 000004
i2Segment_init@Segment     cstackCOMRAM 000001
i2Seq_count@ptr1           cstackCOMRAM 000001
i2Seq_count@ptr2           cstackCOMRAM 000003
i2Seq_count@ptr3           cstackCOMRAM 000005
i2Seq_count@ptr4           cstackCOMRAM 000007
i2Set_TIME@str             cstackCOMRAM 00000E
i2Switch_Relay@sw          cstackCOMRAM 000001
i2_Delay10KTCYx            text24       001234
i2_Delay_s_                text23       001268
i2_Display                 text18       00094E
i2_DisplayValue            text21       000B74
i2_Format_DEC              text16       000D12
i2_NumDisplay              text20       00116A
i2_Segment_init            text22       001110
i2_Seq_count               text19       000E5E
i2_Set_TIME                text15       001068
i2_Switch_Relay            text25       0011EC
int_func                   intcode_body 000EF0
intlevel0                  text         000000
intlevel1                  text         000000
intlevel2                  text         000000
intlevel3                  text         000000
main@config1               cstackCOMRAM 00002E
start                      init         000014
start_initialization       cinit        000FD4


FUNCTION INFORMATION:

 *************** function _main *****************
 Defined at:
		line 138 in file "main.c"
 Parameters:    Size  Location     Type
		None
 Auto vars:     Size  Location     Type
  config1         1   45[COMRAM] unsigned char 
 Return value:  Size  Location     Type
		None               void
 Registers used:
		wreg, fsr0l, fsr0h, fsr1l, fsr1h, fsr1l, fsr1h, fsr2l, fsr2h, status,2, status,0, pclat, btemp, btemp+1, btemp+2, btemp+3, btemp+4, btemp+5, btemp+6, btemp+7, tosl, structret, tblptrl, tblptrh, tblptru, prodl, prodh, bsr, cstack
 Tracked objects:
		On entry : 
		On exit  : 
		Unchanged: 
 Data sizes:     COMRAM   BANK0   BANK1   BANK2   BANK3   BANK4   BANK5   BANK6   BANK7
      Params:         0       0       0       0       0       0       0       0       0
      Locals:         1       0       0       0       0       0       0       0       0
      Temps:          1       0       0       0       0       0       0       0       0
      Totals:         2       0       0       0       0       0       0       0       0
Total ram usage:        2 bytes
 Hardware stack levels required when called:    9
 This function calls:
		_Display
		_Set_TIME
		_Config_Interrupt
		_UsartConfig
 This function is called by:
		Startup code after reset
 This function uses a non-reentrant model


 *************** function _UsartConfig *****************
 Defined at:
		line 19 in file "uart_1.c"
 Parameters:    Size  Location     Type
  config1         1   32[COMRAM] unsigned char 
  config2         1   33[COMRAM] unsigned char 
 Auto vars:     Size  Location     Type
		None
 Return value:  Size  Location     Type
		None               void
 Registers used:
		wreg, fsr0l, fsr0h, fsr1l, fsr1h, fsr1l, fsr1h, fsr2l, fsr2h, status,2, status,0, pclat, btemp, btemp+1, btemp+2, btemp+3, btemp+4, btemp+5, btemp+6, btemp+7, tosl, structret, tblptrl, tblptrh, tblptru, prodl, prodh, bsr, cstack
 Tracked objects:
		On entry : 
		On exit  : 
		Unchanged: 
 Data sizes:     COMRAM   BANK0   BANK1   BANK2   BANK3   BANK4   BANK5   BANK6   BANK7
      Params:         2       0       0       0       0       0       0       0       0
      Locals:         0       0       0       0       0       0       0       0       0
      Temps:          0       0       0       0       0       0       0       0       0
      Totals:         2       0       0       0       0       0       0       0       0
Total ram usage:        2 bytes
 Hardware stack levels used:    1
 Hardware stack levels required when called:    6
 This function calls:
		_OpenUSART
 This function is called by:
		_main
 This function uses a non-reentrant model


 *************** function _OpenUSART *****************
 Defined at:
		line 74 in file "C:\Program Files (x86)\Microchip\xc8\v1.21\sources\pic18\plib\USART\uopen.c"
 Parameters:    Size  Location     Type
  config          1   29[COMRAM] unsigned char 
  spbrg           2   30[COMRAM] unsigned int 
 Auto vars:     Size  Location     Type
		None
 Return value:  Size  Location     Type
		None               void
 Registers used:
		wreg, status,2
 Tracked objects:
		On entry : 
		On exit  : 
		Unchanged: 
 Data sizes:     COMRAM   BANK0   BANK1   BANK2   BANK3   BANK4   BANK5   BANK6   BANK7
      Params:         3       0       0       0       0       0       0       0       0
      Locals:         0       0       0       0       0       0       0       0       0
      Temps:          0       0       0       0       0       0       0       0       0
      Totals:         3       0       0       0       0       0       0       0       0
Total ram usage:        3 bytes
 Hardware stack levels used:    1
 Hardware stack levels required when called:    5
 This function calls:
		Nothing
 This function is called by:
		_UsartConfig
 This function uses a non-reentrant model


 *************** function _Config_Interrupt *****************
 Defined at:
		line 115 in file "main.c"
 Parameters:    Size  Location     Type
		None
 Auto vars:     Size  Location     Type
		None
 Return value:  Size  Location     Type
		None               void
 Registers used:
		None
 Tracked objects:
		On entry : 
		On exit  : 
		Unchanged: 
 Data sizes:     COMRAM   BANK0   BANK1   BANK2   BANK3   BANK4   BANK5   BANK6   BANK7
      Params:         0       0       0       0       0       0       0       0       0
      Locals:         0       0       0       0       0       0       0       0       0
      Temps:          0       0       0       0       0       0       0       0       0
      Totals:         0       0       0       0       0       0       0       0       0
Total ram usage:        0 bytes
 Hardware stack levels used:    1
 Hardware stack levels required when called:    5
 This function calls:
		Nothing
 This function is called by:
		_main
 This function uses a non-reentrant model


 *************** function _Set_TIME *****************
 Defined at:
		line 100 in file "main.c"
 Parameters:    Size  Location     Type
  str             2   42[COMRAM] PTR unsigned char 
		 -> str(10), STR_2(5), STR_1(5), 
 Auto vars:     Size  Location     Type
		None
 Return value:  Size  Location     Type
                  2   42[COMRAM] int 
 Registers used:
		wreg, fsr0l, fsr0h, fsr1l, fsr1h, fsr1l, fsr1h, fsr2l, fsr2h, status,2, status,0, pclat, btemp, btemp+1, btemp+2, btemp+3, btemp+4, btemp+5, btemp+6, btemp+7, tosl, structret, tblptrl, tblptrh, tblptru, prodl, prodh, bsr, cstack
 Tracked objects:
		On entry : 
		On exit  : 
		Unchanged: 
 Data sizes:     COMRAM   BANK0   BANK1   BANK2   BANK3   BANK4   BANK5   BANK6   BANK7
      Params:         2       0       0       0       0       0       0       0       0
      Locals:         0       0       0       0       0       0       0       0       0
      Temps:          0       0       0       0       0       0       0       0       0
      Totals:         2       0       0       0       0       0       0       0       0
Total ram usage:        2 bytes
 Hardware stack levels used:    1
 Hardware stack levels required when called:    8
 This function calls:
		_Format_DEC
		_Display
 This function is called by:
		_main
 This function uses a non-reentrant model


 *************** function _Display *****************
 Defined at:
		line 69 in file "main.c"
 Parameters:    Size  Location     Type
		None
 Auto vars:     Size  Location     Type
  ptr             2   40[COMRAM] PTR unsigned char 
		 -> array(7), 
  x               2   38[COMRAM] int 
 Return value:  Size  Location     Type
		None               void
 Registers used:
		wreg, fsr0l, fsr0h, fsr1l, fsr1h, fsr1l, fsr1h, fsr2l, fsr2h, status,2, status,0, pclat, btemp, btemp+1, btemp+2, btemp+3, btemp+4, btemp+5, btemp+6, btemp+7, tosl, structret, tblptrl, tblptrh, tblptru, prodl, prodh, bsr, cstack
 Tracked objects:
		On entry : 
		On exit  : 
		Unchanged: 
 Data sizes:     COMRAM   BANK0   BANK1   BANK2   BANK3   BANK4   BANK5   BANK6   BANK7
      Params:         0       0       0       0       0       0       0       0       0
      Locals:         4       0       0       0       0       0       0       0       0
      Temps:          1       0       0       0       0       0       0       0       0
      Totals:         5       0       0       0       0       0       0       0       0
Total ram usage:        5 bytes
 Hardware stack levels used:    1
 Hardware stack levels required when called:    7
 This function calls:
		_Switch_Relay
		_NumDisplay
		_Delay_s_
		_Seq_count
 This function is called by:
		_Set_TIME
		_main
 This function uses a non-reentrant model


 *************** function _Seq_count *****************
 Defined at:
		line 12 in file "counter.c"
 Parameters:    Size  Location     Type
  ptr1            2   29[COMRAM] PTR unsigned char 
		 -> Num1(1), 
  ptr2            2   31[COMRAM] PTR unsigned char 
		 -> Num2(1), 
  ptr3            2   33[COMRAM] PTR unsigned char 
		 -> Num3(1), 
  ptr4            2   35[COMRAM] PTR unsigned char 
		 -> Num4(1), 
 Auto vars:     Size  Location     Type
		None
 Return value:  Size  Location     Type
		None               void
 Registers used:
		wreg, fsr2l, fsr2h, status,2, status,0
 Tracked objects:
		On entry : 
		On exit  : 
		Unchanged: 
 Data sizes:     COMRAM   BANK0   BANK1   BANK2   BANK3   BANK4   BANK5   BANK6   BANK7
      Params:         8       0       0       0       0       0       0       0       0
      Locals:         0       0       0       0       0       0       0       0       0
      Temps:          0       0       0       0       0       0       0       0       0
      Totals:         8       0       0       0       0       0       0       0       0
Total ram usage:        8 bytes
 Hardware stack levels used:    1
 Hardware stack levels required when called:    5
 This function calls:
		Nothing
 This function is called by:
		_Display
 This function uses a non-reentrant model


 *************** function _Delay_s_ *****************
 Defined at:
		line 48 in file "delay.c"
 Parameters:    Size  Location     Type
		None
 Auto vars:     Size  Location     Type
		None
 Return value:  Size  Location     Type
		None               void
 Registers used:
		wreg, fsr0l, fsr0h, fsr1l, fsr1h, fsr1l, fsr1h, fsr2l, fsr2h, status,2, status,0, pclat, btemp, btemp+1, btemp+2, btemp+3, btemp+4, btemp+5, btemp+6, btemp+7, tosl, structret, tblptrl, tblptrh, tblptru, prodl, prodh, bsr, cstack
 Tracked objects:
		On entry : 
		On exit  : 
		Unchanged: 
 Data sizes:     COMRAM   BANK0   BANK1   BANK2   BANK3   BANK4   BANK5   BANK6   BANK7
      Params:         0       0       0       0       0       0       0       0       0
      Locals:         0       0       0       0       0       0       0       0       0
      Temps:          1       0       0       0       0       0       0       0       0
      Totals:         1       0       0       0       0       0       0       0       0
Total ram usage:        1 bytes
 Hardware stack levels used:    1
 Hardware stack levels required when called:    6
 This function calls:
		_Delay10KTCYx
 This function is called by:
		_Display
 This function uses a non-reentrant model


 *************** function _Delay10KTCYx *****************
 Defined at:
		line 9 in file "C:\Program Files (x86)\Microchip\xc8\v1.21\sources\pic18\d10ktcyx.c"
 Parameters:    Size  Location     Type
  unit            1   29[COMRAM] unsigned char 
 Auto vars:     Size  Location     Type
		None
 Return value:  Size  Location     Type
		None               void
 Registers used:
		wreg
 Tracked objects:
		On entry : 
		On exit  : 
		Unchanged: 
 Data sizes:     COMRAM   BANK0   BANK1   BANK2   BANK3   BANK4   BANK5   BANK6   BANK7
      Params:         1       0       0       0       0       0       0       0       0
      Locals:         0       0       0       0       0       0       0       0       0
      Temps:          1       0       0       0       0       0       0       0       0
      Totals:         2       0       0       0       0       0       0       0       0
Total ram usage:        2 bytes
 Hardware stack levels used:    1
 Hardware stack levels required when called:    5
 This function calls:
		Nothing
 This function is called by:
		_Delay_s_
 This function uses a non-reentrant model


 *************** function _NumDisplay *****************
 Defined at:
		line 162 in file "segment.c"
 Parameters:    Size  Location     Type
  Number          1   31[COMRAM] unsigned char 
  Segment         1   32[COMRAM] unsigned char 
 Auto vars:     Size  Location     Type
		None
 Return value:  Size  Location     Type
		None               void
 Registers used:
		wreg, fsr0l, fsr0h, fsr1l, fsr1h, fsr1l, fsr1h, fsr2l, fsr2h, status,2, status,0, pclat, btemp, btemp+1, btemp+2, btemp+3, btemp+4, btemp+5, btemp+6, btemp+7, tosl, structret, tblptrl, tblptrh, tblptru, prodl, prodh, bsr, cstack
 Tracked objects:
		On entry : 
		On exit  : 
		Unchanged: 
 Data sizes:     COMRAM   BANK0   BANK1   BANK2   BANK3   BANK4   BANK5   BANK6   BANK7
      Params:         2       0       0       0       0       0       0       0       0
      Locals:         0       0       0       0       0       0       0       0       0
      Temps:          1       0       0       0       0       0       0       0       0
      Totals:         3       0       0       0       0       0       0       0       0
Total ram usage:        3 bytes
 Hardware stack levels used:    1
 Hardware stack levels required when called:    6
 This function calls:
		_Segment_init
		_DisplayValue
 This function is called by:
		_Display
 This function uses a non-reentrant model


 *************** function _DisplayValue *****************
 Defined at:
		line 81 in file "segment.c"
 Parameters:    Size  Location     Type
  Number          1   29[COMRAM] unsigned char 
 Auto vars:     Size  Location     Type
		None
 Return value:  Size  Location     Type
		None               void
 Registers used:
		wreg, status,2, status,0
 Tracked objects:
		On entry : 
		On exit  : 
		Unchanged: 
 Data sizes:     COMRAM   BANK0   BANK1   BANK2   BANK3   BANK4   BANK5   BANK6   BANK7
      Params:         1       0       0       0       0       0       0       0       0
      Locals:         0       0       0       0       0       0       0       0       0
      Temps:          1       0       0       0       0       0       0       0       0
      Totals:         2       0       0       0       0       0       0       0       0
Total ram usage:        2 bytes
 Hardware stack levels used:    1
 Hardware stack levels required when called:    5
 This function calls:
		Nothing
 This function is called by:
		_NumDisplay
 This function uses a non-reentrant model


 *************** function _Segment_init *****************
 Defined at:
		line 58 in file "segment.c"
 Parameters:    Size  Location     Type
  Segment         1   29[COMRAM] unsigned char 
 Auto vars:     Size  Location     Type
		None
 Return value:  Size  Location     Type
		None               void
 Registers used:
		wreg, status,2, status,0
 Tracked objects:
		On entry : 
		On exit  : 
		Unchanged: 
 Data sizes:     COMRAM   BANK0   BANK1   BANK2   BANK3   BANK4   BANK5   BANK6   BANK7
      Params:         1       0       0       0       0       0       0       0       0
      Locals:         0       0       0       0       0       0       0       0       0
      Temps:          0       0       0       0       0       0       0       0       0
      Totals:         1       0       0       0       0       0       0       0       0
Total ram usage:        1 bytes
 Hardware stack levels used:    1
 Hardware stack levels required when called:    5
 This function calls:
		Nothing
 This function is called by:
		_NumDisplay
 This function uses a non-reentrant model


 *************** function _Switch_Relay *****************
 Defined at:
		line 58 in file "main.c"
 Parameters:    Size  Location     Type
  sw              1   29[COMRAM] unsigned char 
 Auto vars:     Size  Location     Type
		None
 Return value:  Size  Location     Type
		None               void
 Registers used:
		wreg, status,2, status,0
 Tracked objects:
		On entry : 
		On exit  : 
		Unchanged: 
 Data sizes:     COMRAM   BANK0   BANK1   BANK2   BANK3   BANK4   BANK5   BANK6   BANK7
      Params:         1       0       0       0       0       0       0       0       0
      Locals:         0       0       0       0       0       0       0       0       0
      Temps:          0       0       0       0       0       0       0       0       0
      Totals:         1       0       0       0       0       0       0       0       0
Total ram usage:        1 bytes
 Hardware stack levels used:    1
 Hardware stack levels required when called:    5
 This function calls:
		Nothing
 This function is called by:
		_Display
 This function uses a non-reentrant model


 *************** function _Format_DEC *****************
 Defined at:
		line 44 in file "main.c"
 Parameters:    Size  Location     Type
  p               2   29[COMRAM] PTR unsigned char 
		 -> str(10), STR_2(5), STR_1(5), 
  q               2   31[COMRAM] PTR unsigned char 
		 -> array(7), 
 Auto vars:     Size  Location     Type
		None
 Return value:  Size  Location     Type
		None               void
 Registers used:
		wreg, fsr0l, fsr0h, fsr2l, fsr2h, status,2, status,0, tblptrl, tblptrh, tblptru
 Tracked objects:
		On entry : 
		On exit  : 
		Unchanged: 
 Data sizes:     COMRAM   BANK0   BANK1   BANK2   BANK3   BANK4   BANK5   BANK6   BANK7
      Params:         4       0       0       0       0       0       0       0       0
      Locals:         0       0       0       0       0       0       0       0       0
      Temps:          0       0       0       0       0       0       0       0       0
      Totals:         4       0       0       0       0       0       0       0       0
Total ram usage:        4 bytes
 Hardware stack levels used:    1
 Hardware stack levels required when called:    5
 This function calls:
		Nothing
 This function is called by:
		_Set_TIME
 This function uses a non-reentrant model


 *************** function _Rx_isr *****************
 Defined at:
		line 125 in file "main.c"
 Parameters:    Size  Location     Type
		None
 Auto vars:     Size  Location     Type
		None
 Return value:  Size  Location     Type
		None               void
 Registers used:
		wreg, fsr0l, fsr0h, fsr2l, fsr2h, status,2, status,0, tblptrl, tblptrh, tblptru, cstack
 Tracked objects:
		On entry : 
		On exit  : 
		Unchanged: 
 Data sizes:     COMRAM   BANK0   BANK1   BANK2   BANK3   BANK4   BANK5   BANK6   BANK7
      Params:         0       0       0       0       0       0       0       0       0
      Locals:         0       0       0       0       0       0       0       0       0
      Temps:         14       0       0       0       0       0       0       0       0
      Totals:        14       0       0       0       0       0       0       0       0
Total ram usage:       14 bytes
 Hardware stack levels used:    1
 Hardware stack levels required when called:    4
 This function calls:
		_Reset_TIME
		i2_Set_TIME
 This function is called by:
		Interrupt level 2
 This function uses a non-reentrant model


 *************** function i2_Set_TIME *****************
 Defined at:
		line 100 in file "main.c"
 Parameters:    Size  Location     Type
  str             2   13[COMRAM] PTR unsigned char 
		 -> str(10), STR_2(5), STR_1(5), 
 Auto vars:     Size  Location     Type
		None
 Return value:  Size  Location     Type
                  2   13[COMRAM] int 
 Registers used:
		wreg, fsr0l, fsr0h, fsr2l, fsr2h, status,2, status,0, tblptrl, tblptrh, tblptru, cstack
 Tracked objects:
		On entry : 
		On exit  : 
		Unchanged: 
 Data sizes:     COMRAM   BANK0   BANK1   BANK2   BANK3   BANK4   BANK5   BANK6   BANK7
      Params:         2       0       0       0       0       0       0       0       0
      Locals:         0       0       0       0       0       0       0       0       0
      Temps:          0       0       0       0       0       0       0       0       0
      Totals:         2       0       0       0       0       0       0       0       0
Total ram usage:        2 bytes
 Hardware stack levels used:    1
 Hardware stack levels required when called:    3
 This function calls:
		i2_Format_DEC
		i2_Display
 This function is called by:
		_Rx_isr
 This function uses a non-reentrant model


 *************** function i2_Format_DEC *****************
 Defined at:
		line 44 in file "main.c"
 Parameters:    Size  Location     Type
  p               2    0[COMRAM] PTR unsigned char 
		 -> str(10), STR_2(5), STR_1(5), 
  q               2    2[COMRAM] PTR unsigned char 
		 -> array(7), 
 Auto vars:     Size  Location     Type
		None
 Return value:  Size  Location     Type
		None               void
 Registers used:
		wreg, fsr0l, fsr0h, fsr2l, fsr2h, status,2, status,0, tblptrl, tblptrh, tblptru
 Tracked objects:
		On entry : 
		On exit  : 
		Unchanged: 
 Data sizes:     COMRAM   BANK0   BANK1   BANK2   BANK3   BANK4   BANK5   BANK6   BANK7
      Params:         4       0       0       0       0       0       0       0       0
      Locals:         0       0       0       0       0       0       0       0       0
      Temps:          0       0       0       0       0       0       0       0       0
      Totals:         4       0       0       0       0       0       0       0       0
Total ram usage:        4 bytes
 Hardware stack levels used:    1
 This function calls:
		Nothing
 This function is called by:
		i2_Set_TIME
 This function uses a non-reentrant model


 *************** function _Reset_TIME *****************
 Defined at:
		line 95 in file "main.c"
 Parameters:    Size  Location     Type
		None
 Auto vars:     Size  Location     Type
		None
 Return value:  Size  Location     Type
		None               void
 Registers used:
		wreg, fsr2l, fsr2h, status,2, status,0, cstack
 Tracked objects:
		On entry : 
		On exit  : 
		Unchanged: 
 Data sizes:     COMRAM   BANK0   BANK1   BANK2   BANK3   BANK4   BANK5   BANK6   BANK7
      Params:         0       0       0       0       0       0       0       0       0
      Locals:         0       0       0       0       0       0       0       0       0
      Temps:          1       0       0       0       0       0       0       0       0
      Totals:         1       0       0       0       0       0       0       0       0
Total ram usage:        1 bytes
 Hardware stack levels used:    1
 Hardware stack levels required when called:    3
 This function calls:
		i2_Display
 This function is called by:
		_Rx_isr
 This function uses a non-reentrant model


 *************** function i2_Display *****************
 Defined at:
		line 69 in file "main.c"
 Parameters:    Size  Location     Type
		None
 Auto vars:     Size  Location     Type
  Display         2   11[COMRAM] PTR unsigned char 
		 -> array(7), 
  Display         2    9[COMRAM] int 
 Return value:  Size  Location     Type
		None               void
 Registers used:
		wreg, fsr2l, fsr2h, status,2, status,0, cstack
 Tracked objects:
		On entry : 
		On exit  : 
		Unchanged: 
 Data sizes:     COMRAM   BANK0   BANK1   BANK2   BANK3   BANK4   BANK5   BANK6   BANK7
      Params:         0       0       0       0       0       0       0       0       0
      Locals:         4       0       0       0       0       0       0       0       0
      Temps:          1       0       0       0       0       0       0       0       0
      Totals:         5       0       0       0       0       0       0       0       0
Total ram usage:        5 bytes
 Hardware stack levels used:    1
 Hardware stack levels required when called:    2
 This function calls:
		i2_Switch_Relay
		i2_Delay_s_
		i2_NumDisplay
		i2_Seq_count
 This function is called by:
		_Reset_TIME
		i2_Set_TIME
 This function uses a non-reentrant model


 *************** function i2_Seq_count *****************
 Defined at:
		line 12 in file "counter.c"
 Parameters:    Size  Location     Type
  ptr1            2    0[COMRAM] PTR unsigned char 
		 -> Num1(1), 
  ptr2            2    2[COMRAM] PTR unsigned char 
		 -> Num2(1), 
  ptr3            2    4[COMRAM] PTR unsigned char 
		 -> Num3(1), 
  ptr4            2    6[COMRAM] PTR unsigned char 
		 -> Num4(1), 
 Auto vars:     Size  Location     Type
		None
 Return value:  Size  Location     Type
		None               void
 Registers used:
		wreg, fsr2l, fsr2h, status,2, status,0
 Tracked objects:
		On entry : 
		On exit  : 
		Unchanged: 
 Data sizes:     COMRAM   BANK0   BANK1   BANK2   BANK3   BANK4   BANK5   BANK6   BANK7
      Params:         8       0       0       0       0       0       0       0       0
      Locals:         0       0       0       0       0       0       0       0       0
      Temps:          0       0       0       0       0       0       0       0       0
      Totals:         8       0       0       0       0       0       0       0       0
Total ram usage:        8 bytes
 Hardware stack levels used:    1
 This function calls:
		Nothing
 This function is called by:
		i2_Display
 This function uses a non-reentrant model


 *************** function i2_NumDisplay *****************
 Defined at:
		line 162 in file "segment.c"
 Parameters:    Size  Location     Type
  Number          1    2[COMRAM] unsigned char 
  Segment         1    3[COMRAM] unsigned char 
 Auto vars:     Size  Location     Type
		None
 Return value:  Size  Location     Type
		None               void
 Registers used:
		wreg, status,2, status,0, cstack
 Tracked objects:
		On entry : 
		On exit  : 
		Unchanged: 
 Data sizes:     COMRAM   BANK0   BANK1   BANK2   BANK3   BANK4   BANK5   BANK6   BANK7
      Params:         2       0       0       0       0       0       0       0       0
      Locals:         0       0       0       0       0       0       0       0       0
      Temps:          1       0       0       0       0       0       0       0       0
      Totals:         3       0       0       0       0       0       0       0       0
Total ram usage:        3 bytes
 Hardware stack levels used:    1
 Hardware stack levels required when called:    1
 This function calls:
		i2_Segment_init
		i2_DisplayValue
 This function is called by:
		i2_Display
 This function uses a non-reentrant model


 *************** function i2_DisplayValue *****************
 Defined at:
		line 81 in file "segment.c"
 Parameters:    Size  Location     Type
  Number          1    0[COMRAM] unsigned char 
 Auto vars:     Size  Location     Type
		None
 Return value:  Size  Location     Type
		None               void
 Registers used:
		wreg, status,2, status,0
 Tracked objects:
		On entry : 
		On exit  : 
		Unchanged: 
 Data sizes:     COMRAM   BANK0   BANK1   BANK2   BANK3   BANK4   BANK5   BANK6   BANK7
      Params:         1       0       0       0       0       0       0       0       0
      Locals:         0       0       0       0       0       0       0       0       0
      Temps:          1       0       0       0       0       0       0       0       0
      Totals:         2       0       0       0       0       0       0       0       0
Total ram usage:        2 bytes
 Hardware stack levels used:    1
 This function calls:
		Nothing
 This function is called by:
		i2_NumDisplay
 This function uses a non-reentrant model


 *************** function i2_Segment_init *****************
 Defined at:
		line 58 in file "segment.c"
 Parameters:    Size  Location     Type
  Segment         1    0[COMRAM] unsigned char 
 Auto vars:     Size  Location     Type
		None
 Return value:  Size  Location     Type
		None               void
 Registers used:
		wreg, status,2, status,0
 Tracked objects:
		On entry : 
		On exit  : 
		Unchanged: 
 Data sizes:     COMRAM   BANK0   BANK1   BANK2   BANK3   BANK4   BANK5   BANK6   BANK7
      Params:         1       0       0       0       0       0       0       0       0
      Locals:         0       0       0       0       0       0       0       0       0
      Temps:          0       0       0       0       0       0       0       0       0
      Totals:         1       0       0       0       0       0       0       0       0
Total ram usage:        1 bytes
 Hardware stack levels used:    1
 This function calls:
		Nothing
 This function is called by:
		i2_NumDisplay
 This function uses a non-reentrant model


 *************** function i2_Delay_s_ *****************
 Defined at:
		line 48 in file "delay.c"
 Parameters:    Size  Location     Type
		None
 Auto vars:     Size  Location     Type
		None
 Return value:  Size  Location     Type
		None               void
 Registers used:
		wreg, status,2, cstack
 Tracked objects:
		On entry : 
		On exit  : 
		Unchanged: 
 Data sizes:     COMRAM   BANK0   BANK1   BANK2   BANK3   BANK4   BANK5   BANK6   BANK7
      Params:         0       0       0       0       0       0       0       0       0
      Locals:         0       0       0       0       0       0       0       0       0
      Temps:          1       0       0       0       0       0       0       0       0
      Totals:         1       0       0       0       0       0       0       0       0
Total ram usage:        1 bytes
 Hardware stack levels used:    1
 Hardware stack levels required when called:    1
 This function calls:
		i2_Delay10KTCYx
 This function is called by:
		i2_Display
 This function uses a non-reentrant model


 *************** function i2_Delay10KTCYx *****************
 Defined at:
		line 9 in file "C:\Program Files (x86)\Microchip\xc8\v1.21\sources\pic18\d10ktcyx.c"
 Parameters:    Size  Location     Type
  unit            1    0[COMRAM] unsigned char 
 Auto vars:     Size  Location     Type
		None
 Return value:  Size  Location     Type
		None               void
 Registers used:
		wreg
 Tracked objects:
		On entry : 
		On exit  : 
		Unchanged: 
 Data sizes:     COMRAM   BANK0   BANK1   BANK2   BANK3   BANK4   BANK5   BANK6   BANK7
      Params:         1       0       0       0       0       0       0       0       0
      Locals:         0       0       0       0       0       0       0       0       0
      Temps:          1       0       0       0       0       0       0       0       0
      Totals:         2       0       0       0       0       0       0       0       0
Total ram usage:        2 bytes
 Hardware stack levels used:    1
 This function calls:
		Nothing
 This function is called by:
		i2_Delay_s_
 This function uses a non-reentrant model


 *************** function i2_Switch_Relay *****************
 Defined at:
		line 58 in file "main.c"
 Parameters:    Size  Location     Type
  sw              1    0[COMRAM] unsigned char 
 Auto vars:     Size  Location     Type
		None
 Return value:  Size  Location     Type
		None               void
 Registers used:
		wreg, status,2, status,0
 Tracked objects:
		On entry : 
		On exit  : 
		Unchanged: 
 Data sizes:     COMRAM   BANK0   BANK1   BANK2   BANK3   BANK4   BANK5   BANK6   BANK7
      Params:         1       0       0       0       0       0       0       0       0
      Locals:         0       0       0       0       0       0       0       0       0
      Temps:          0       0       0       0       0       0       0       0       0
      Totals:         1       0       0       0       0       0       0       0       0
Total ram usage:        1 bytes
 Hardware stack levels used:    1
 This function calls:
		Nothing
 This function is called by:
		i2_Display
 This function uses a non-reentrant model



MODULE INFORMATION

Module		Function		Class		Link	Load	Size
shared
		i2_Format_DEC  		CODE           	0D12	0000	186
		__stringdata   		SMALLCONST     	0800	0000	10
		i2_Seq_count   		CODE           	0E5E	0000	146
		i2_Display     		CODE           	094E	0000	322
		i2_Set_TIME    		CODE           	1068	0000	62
		__initializatio		CODE           	0FD4	0000	76
		i2_Delay_s_    		CODE           	1268	0000	14
		i2_DisplayValue		CODE           	0B74	0000	228
		i2_NumDisplay  		CODE           	116A	0000	40
		i2_Delay10KTCYx		CODE           	1234	0000	22
		i2_Switch_Relay		CODE           	11EC	0000	26
		i2_Segment_init		CODE           	1110	0000	50

shared estimated size: 1182

uart_1.c
		_UsartConfig   		CODE           	124A	0000	16

uart_1.c estimated size: 16

counter.c
		_Seq_count     		CODE           	0DCC	0000	146

counter.c estimated size: 146

main.c
		_Reset_TIME    		CODE           	1192	0000	38
		_Switch_Relay  		CODE           	11D2	0000	26
		_main          		CODE           	10A6	0000	56
		_Format_DEC    		CODE           	0C58	0000	186
		_Rx_isr        		CODE           	0008	0000	3952
		_Config_Interru		CODE           	1276	0000	12
		_Display       		CODE           	080C	0000	322
		_Set_TIME      		CODE           	102A	0000	62

main.c estimated size: 4654

segment.c
		_Segment_init  		CODE           	10DE	0000	50
		_NumDisplay    		CODE           	1142	0000	40
		_DisplayValue  		CODE           	0A90	0000	228

segment.c estimated size: 318

delay.c
		_Delay_s_      		CODE           	125A	0000	14

delay.c estimated size: 14

C:\Program Files (x86)\Microchip\xc8\v1.21\sources\pic18\d10ktcyx.c
		_Delay10KTCYx  		CODE           	121E	0000	22

C:\Program Files (x86)\Microchip\xc8\v1.21\sources\pic18\d10ktcyx.c estimated size: 22

C:\Program Files (x86)\Microchip\xc8\v1.21\sources\pic18\plib\USART\uopen.c
		_OpenUSART     		CODE           	0F78	0000	92

C:\Program Files (x86)\Microchip\xc8\v1.21\sources\pic18\plib\USART\uopen.c estimated size: 92

