Microchip MPLAB XC8 Compiler V1.32 ()

Linker command line:

--edf=C:\Program Files (x86)\Microchip\xc8\v1.32\dat\en_msgs.txt -cs \
  -h+dist/default/production\Example_9.3.X.production.sym \
  --cmf=dist/default/production\Example_9.3.X.production.cmf -z -Q18F4550 \
  -oC:\Users\tbi\AppData\Local\Temp\s3uc.6 \
  -Mdist/default/production/Example_9.3.X.production.map -E1 -ver=XC8 \
  -ASTACK=060h-07ffh -pstack=STACK -ACODE=00h-07FFFh -ACONST=00h-07FFFh \
  -ASMALLCONST=0800h-08FFhx120 -AMEDIUMCONST=0800h-07FFFh -ACOMRAM=01h-05Fh \
  -AABS1=00h-07FFh -ABIGRAM=01h-07FFh -ARAM=060h-0FFh,0100h-01FFhx7 \
  -ABANK0=060h-0FFh -ABANK1=0100h-01FFh -ABANK2=0200h-02FFh \
  -ABANK3=0300h-03FFh -ABANK4=0400h-04FFh -ABANK5=0500h-05FFh \
  -ABANK6=0600h-06FFh -ABANK7=0700h-07FFh -ASFR=0F60h-0FFFh \
  -preset_vec=00h,intcode,intcodelo,powerup,init,end_init -pramtop=0800h \
  -psmallconst=SMALLCONST -pmediumconst=MEDIUMCONST -pconst=CONST \
  -AFARRAM=00h-00h -ACONFIG=0300000h-030000Dh -pconfig=CONFIG \
  -AIDLOC=0200000h-0200007h -pidloc=IDLOC -AEEDATA=0F00000h-0F000FFh \
  -peeprom_data=EEDATA \
  -prdata=COMRAM,nvrram=COMRAM,nvbit=COMRAM,rbss=COMRAM,rbit=COMRAM \
  -pfarbss=FARRAM,fardata=FARRAM,nvFARRAM=FARRAM \
  -pintsave_regs=BIGRAM,bigbss=BIGRAM,bigdata=BIGRAM -pbss=RAM \
  -pidata=CODE,irdata=CODE,ibigdata=CODE,ifardata=CODE \
  C:\Users\tbi\AppData\Local\Temp\s3uc.obj \
  dist/default/production\Example_9.3.X.production.obj 

Object code version is 3.11

Machine type is 18F4550

Call graph: (short form)




                Name                               Link     Load   Length Selector   Space Scale
C:\Users\tbi\AppData\Local\Temp\s3uc.obj
                end_init                              0        0        4        0       0
                idloc                            200000   200000        8   200000       0
                config                           300000   300000        E   300000       0
dist/default/production\Example_9.3.X.production.obj
                text7                              7E3A     7E3A        C     3F1D       0
                text6                              7E7C     7E7C       16     3F3E       0
                text5                              7E32     7E32        8     3F19       0
                text4                              7F1E     7F1E       E2     3F8F       0
                text3                              7E92     7E92       34     3F49       0
                text2                              7E54     7E54       14     3F2A       0
                text1                              7EC6     7EC6       58     3F63       0
                cstackCOMRAM                          6        6        5        1       1
                bssCOMRAM                             1        1        5        1       1
                cinit                              7E68     7E68       14     3F34       0
                text0                              7E46     7E46        E     3F23       0

TOTAL           Name                               Link     Load   Length     Space
        CLASS   STACK          

        CLASS   CODE           
                end_init                              0        0        4         0
                text7                              7E3A     7E3A        C         0
                text6                              7E7C     7E7C       16         0
                text5                              7E32     7E32        8         0
                text4                              7F1E     7F1E       E2         0
                text3                              7E92     7E92       34         0
                text2                              7E54     7E54       14         0
                text1                              7EC6     7EC6       58         0
                cinit                              7E68     7E68       14         0
                text0                              7E46     7E46        E         0

        CLASS   CONST          

        CLASS   SMALLCONST     

        CLASS   MEDIUMCONST    

        CLASS   COMRAM         
                cstackCOMRAM                          6        6        5         1
                bssCOMRAM                             1        1        5         1

        CLASS   ABS1           

        CLASS   BIGRAM         

        CLASS   RAM            

        CLASS   BANK0          

        CLASS   BANK1          

        CLASS   BANK2          

        CLASS   BANK3          

        CLASS   BANK4          

        CLASS   BANK5          

        CLASS   BANK6          

        CLASS   BANK7          

        CLASS   SFR            

        CLASS   FARRAM         

        CLASS   CONFIG         
                config                           300000   300000        E         0

        CLASS   IDLOC          
                idloc                            200000   200000        8         0

        CLASS   EEDATA         



SEGMENTS        Name                           Load    Length   Top    Selector   Space  Class

                reset_vec                      000000  000004  000004         0       0  CODE    
                bssCOMRAM                      000001  00000A  00000B         1       1  COMRAM  
                text5                          007E32  000008  007E3A      3F19       0  CODE    
                text7                          007E3A  00000C  007E46      3F1D       0  CODE    
                text0                          007E46  00000E  007E54      3F23       0  CODE    
                text2                          007E54  000014  007E68      3F2A       0  CODE    
                cinit                          007E68  000014  007E7C      3F34       0  CODE    
                text6                          007E7C  000016  007E92      3F3E       0  CODE    
                text3                          007E92  000034  007EC6      3F49       0  CODE    
                text1                          007EC6  000058  007F1E      3F63       0  CODE    
                text4                          007F1E  0000E2  008000      3F8F       0  CODE    
                idloc                          200000  000008  200008    200000       0  IDLOC   
                config                         300000  00000E  30000E    300000       0  CONFIG  


UNUSED ADDRESS RANGES

        Name                Unused          Largest block    Delta
        BANK0            000060-0000FF               A0
        BANK1            000100-0001FF              100
        BANK2            000200-0002FF              100
        BANK3            000300-0003FF              100
        BANK4            000400-0004FF              100
        BANK5            000500-0005FF              100
        BANK6            000600-0006FF              100
        BANK7            000700-0007FF              100
        BIGRAM           00000B-0007FF              7F5
        CODE             000004-007E31             7E2E
        COMRAM           00000B-00005F               55
        CONST            000004-007E31             7E2E
        EEDATA           F00000-F000FF              100
        MEDIUMCONST      000800-007E31             7632
        RAM              000060-0007FF              100
        SFR              000F60-000FFF               A0
        SMALLCONST       000800-007E31              100
        STACK            000060-0007FF              7A0

                                  Symbol Table

Delay10KTCYx@unit          cstackCOMRAM 000007
Display@x                  cstackCOMRAM 000009
DisplayValue@Number        cstackCOMRAM 000006
NumDisplay@Number          cstackCOMRAM 000008
NumDisplay@Segment         cstackCOMRAM 000007
Segment_init@Segment       cstackCOMRAM 000006
_Config_Interrupt          text7        007E3A
_Delay10KTCYx              text6        007E7C
_Delay_s_                  text5        007E32
_Display                   text1        007EC6
_DisplayValue              text4        007F1E
_INT0IE                    (abs)        007F94
_INT0IF                    (abs)        007F91
_INTCONbits                (abs)        000FF2
_INTEDG0                   (abs)        007F8E
_LATBbits                  (abs)        000F8A
_Num1                      bssCOMRAM    000002
_Num2                      bssCOMRAM    000003
_Num3                      bssCOMRAM    000004
_Num4                      bssCOMRAM    000005
_NumDisplay                text2        007E54
_PEIE                      (abs)        007F96
_PORTAbits                 (abs)        000F80
_PORTD                     (abs)        000F83
_Segment_init              text3        007E92
_TRISAbits                 (abs)        000F92
_TRISBbits                 (abs)        000F93
_TRISD                     (abs)        000F95
__CFG_BOR$OFF              (abs)        000000
__CFG_BORV$3               (abs)        000000
__CFG_CCP2MX$OFF           (abs)        000000
__CFG_CPUDIV$OSC1_PLL2     (abs)        000000
__CFG_FCMEN$OFF            (abs)        000000
__CFG_FOSC$HS              (abs)        000000
__CFG_ICPRT$OFF            (abs)        000000
__CFG_IESO$OFF             (abs)        000000
__CFG_LPT1OSC$OFF          (abs)        000000
__CFG_LVP$OFF              (abs)        000000
__CFG_MCLRE$ON             (abs)        000000
__CFG_PBADEN$OFF           (abs)        000000
__CFG_PLLDIV$5             (abs)        000000
__CFG_PWRT$OFF             (abs)        000000
__CFG_STVREN$ON            (abs)        000000
__CFG_USBDIV$1             (abs)        000000
__CFG_VREGEN$OFF           (abs)        000000
__CFG_WDT$OFF              (abs)        000000
__CFG_WDTPS$32768          (abs)        000000
__CFG_XINST$OFF            (abs)        000000
__HRAM                     (abs)        000000
__Habs1                    abs1         000000
__Hbank0                   bank0        000000
__Hbank1                   bank1        000000
__Hbank2                   bank2        000000
__Hbank3                   bank3        000000
__Hbank4                   bank4        000000
__Hbank5                   bank5        000000
__Hbank6                   bank6        000000
__Hbank7                   bank7        000000
__Hbigbss                  bigbss       000000
__Hbigdata                 bigdata      000000
__Hbigram                  bigram       000000
__Hbss                     bss          000000
__HbssCOMRAM               bssCOMRAM    000000
__Hcinit                   cinit        000000
__Hclrtext                 clrtext      000000
__Hcomram                  comram       000000
__Hconfig                  config       30000E
__Hconst                   const        000000
__HcstackCOMRAM            cstackCOMRAM 000000
__Hdata                    data         000000
__Heeprom_data             eeprom_data  000000
__Hend_init                end_init     000004
__Hfarbss                  farbss       000000
__Hfardata                 fardata      000000
__Hibigdata                ibigdata     000000
__Hidata                   idata        000000
__Hidloc                   idloc        200008
__Hifardata                ifardata     000000
__Hinit                    init         000000
__Hintcode                 intcode      000000
__Hintcode_body            intcode_body 000000
__Hintcodelo               intcodelo    000000
__Hintentry                intentry     000000
__Hintret                  intret       000000
__Hintsave_regs            intsave_regs 000000
__Hirdata                  irdata       000000
__Hmediumconst             mediumconst  000000
__HnvFARRAM                nvFARRAM     000000
__Hnvbit                   nvbit        000000
__Hnvrram                  nvrram       000000
__Hparam                   rparam       000000
__Hpowerup                 powerup      000000
__Hram                     ram          000000
__Hramtop                  ramtop       000800
__Hrbit                    rbit         000000
__Hrbss                    rbss         000000
__Hrdata                   rdata        000000
__Hreset_vec               reset_vec    000000
__Hrparam                  rparam       000000
__Hsfr                     sfr          000000
__Hsmallconst              smallconst   000000
__Hspace_0                 (abs)        30000E
__Hspace_1                 (abs)        00000B
__Hspace_2                 (abs)        000000
__Hstack                   stack        000000
__Hstruct                  struct       000000
__Htemp                    temp         000000
__Htext                    text         000000
__Htext0                   text0        000000
__Htext1                   text1        000000
__Htext2                   text2        000000
__Htext3                   text3        000000
__Htext4                   text4        000000
__Htext5                   text5        000000
__Htext6                   text6        000000
__Htext7                   text7        000000
__LRAM                     (abs)        000001
__Labs1                    abs1         000000
__Lbank0                   bank0        000000
__Lbank1                   bank1        000000
__Lbank2                   bank2        000000
__Lbank3                   bank3        000000
__Lbank4                   bank4        000000
__Lbank5                   bank5        000000
__Lbank6                   bank6        000000
__Lbank7                   bank7        000000
__Lbigbss                  bigbss       000000
__Lbigdata                 bigdata      000000
__Lbigram                  bigram       000000
__Lbss                     bss          000000
__LbssCOMRAM               bssCOMRAM    000000
__Lcinit                   cinit        000000
__Lclrtext                 clrtext      000000
__Lcomram                  comram       000000
__Lconfig                  config       300000
__Lconst                   const        000000
__LcstackCOMRAM            cstackCOMRAM 000000
__Ldata                    data         000000
__Leeprom_data             eeprom_data  000000
__Lend_init                end_init     000000
__Lfarbss                  farbss       000000
__Lfardata                 fardata      000000
__Libigdata                ibigdata     000000
__Lidata                   idata        000000
__Lidloc                   idloc        200000
__Lifardata                ifardata     000000
__Linit                    init         000000
__Lintcode                 intcode      000000
__Lintcode_body            intcode_body 000000
__Lintcodelo               intcodelo    000000
__Lintentry                intentry     000000
__Lintret                  intret       000000
__Lintsave_regs            intsave_regs 000000
__Lirdata                  irdata       000000
__Lmediumconst             mediumconst  000000
__LnvFARRAM                nvFARRAM     000000
__Lnvbit                   nvbit        000000
__Lnvrram                  nvrram       000000
__Lparam                   rparam       000000
__Lpowerup                 powerup      000000
__Lram                     ram          000000
__Lramtop                  ramtop       000800
__Lrbit                    rbit         000000
__Lrbss                    rbss         000000
__Lrdata                   rdata        000000
__Lreset_vec               reset_vec    000000
__Lrparam                  rparam       000000
__Lsfr                     sfr          000000
__Lsmallconst              smallconst   000000
__Lspace_0                 (abs)        000000
__Lspace_1                 (abs)        000000
__Lspace_2                 (abs)        000000
__Lstack                   stack        000000
__Lstruct                  struct       000000
__Ltemp                    temp         000000
__Ltext                    text         000000
__Ltext0                   text0        000000
__Ltext1                   text1        000000
__Ltext2                   text2        000000
__Ltext3                   text3        000000
__Ltext4                   text4        000000
__Ltext5                   text5        000000
__Ltext6                   text6        000000
__Ltext7                   text7        000000
__S0                       (abs)        30000E
__S1                       (abs)        00000B
__S2                       (abs)        000000
___inthi_sp                stack        000000
___intlo_sp                stack        000000
___sp                      stack        000000
__accesstop                (abs)        000060
__activetblptr             (abs)        000002
__end_of_Config_Interrupt  text7        007E46
__end_of_Delay10KTCYx      text6        007E92
__end_of_Delay_s_          text5        007E3A
__end_of_Display           text1        007F1E
__end_of_DisplayValue      text4        008000
__end_of_NumDisplay        text2        007E68
__end_of_Segment_init      text3        007EC6
__end_of__initialization   cinit        007E72
__end_of_main              text0        007E54
__initialization           cinit        007E68
__mediumconst              mediumconst  000000
__pbssCOMRAM               bssCOMRAM    000001
__pcinit                   cinit        007E68
__pcstackCOMRAM            cstackCOMRAM 000006
__ptext0                   text0        007E46
__ptext1                   text1        007EC6
__ptext2                   text2        007E54
__ptext3                   text3        007E92
__ptext4                   text4        007F1E
__ptext5                   text5        007E32
__ptext6                   text6        007E7C
__ptext7                   text7        007E3A
__ramtop                   ramtop       000800
__size_of_Config_Interrupt (abs)        000000
__size_of_Delay10KTCYx     (abs)        000000
__size_of_Delay_s_         (abs)        000000
__size_of_Display          (abs)        000000
__size_of_DisplayValue     (abs)        000000
__size_of_NumDisplay       (abs)        000000
__size_of_Segment_init     (abs)        000000
__size_of_main             (abs)        000000
__smallconst               smallconst   000000
_dot                       bssCOMRAM    000001
_main                      text0        007E46
end_of_initialization      cinit        007E72
intlevel0                  text         000000
intlevel1                  text         000000
intlevel2                  text         000000
intlevel3                  text         000000
stackhi                    (abs)        0007FF
stacklo                    (abs)        000060
start                      init         000000
start_initialization       cinit        007E68


FUNCTION INFORMATION:

 *************** function _main *****************
 Defined at:
		line 77 in file "main.c"
 Parameters:    Size  Location     Type
		None
 Auto vars:     Size  Location     Type
		None
 Return value:  Size  Location     Type
		None               void
 Registers used:
		wreg, status,2, status,0, cstack
 Tracked objects:
		On entry : 
		On exit  : 
		Unchanged: 
 Data sizes:     COMRAM   BANK0   BANK1   BANK2   BANK3   BANK4   BANK5   BANK6   BANK7
      Params:         0       0       0       0       0       0       0       0       0
      Locals:         0       0       0       0       0       0       0       0       0
      Temps:          0       0       0       0       0       0       0       0       0
      Totals:         0       0       0       0       0       0       0       0       0
Total ram usage:        0 bytes
 Hardware stack levels required when called:    3
 This function calls:
		_Config_Interrupt
		_Display
 This function is called by:
		Startup code after reset
 This function uses a non-reentrant model


 *************** function _Display *****************
 Defined at:
		line 26 in file "display.c"
 Parameters:    Size  Location     Type
		None
 Auto vars:     Size  Location     Type
  x               2    3[COMRAM] int 
 Return value:  Size  Location     Type
		None               void
 Registers used:
		wreg, status,2, status,0, cstack
 Tracked objects:
		On entry : 
		On exit  : 
		Unchanged: 
 Data sizes:     COMRAM   BANK0   BANK1   BANK2   BANK3   BANK4   BANK5   BANK6   BANK7
      Params:         0       0       0       0       0       0       0       0       0
      Locals:         2       0       0       0       0       0       0       0       0
      Temps:          0       0       0       0       0       0       0       0       0
      Totals:         2       0       0       0       0       0       0       0       0
Total ram usage:        2 bytes
 Hardware stack levels used:    1
 Hardware stack levels required when called:    2
 This function calls:
		_Delay_s_
		_NumDisplay
 This function is called by:
		_main
		_Ext_isr
 This function uses a non-reentrant model


 *************** function _NumDisplay *****************
 Defined at:
		line 165 in file "segment.c"
 Parameters:    Size  Location     Type
  Number          1    wreg     unsigned char 
  Segment         1    1[COMRAM] unsigned char 
 Auto vars:     Size  Location     Type
  Number          1    2[COMRAM] unsigned char 
 Return value:  Size  Location     Type
		None               void
 Registers used:
		wreg, status,2, status,0, cstack
 Tracked objects:
		On entry : 
		On exit  : 
		Unchanged: 
 Data sizes:     COMRAM   BANK0   BANK1   BANK2   BANK3   BANK4   BANK5   BANK6   BANK7
      Params:         1       0       0       0       0       0       0       0       0
      Locals:         1       0       0       0       0       0       0       0       0
      Temps:          0       0       0       0       0       0       0       0       0
      Totals:         2       0       0       0       0       0       0       0       0
Total ram usage:        2 bytes
 Hardware stack levels used:    1
 Hardware stack levels required when called:    1
 This function calls:
		_DisplayValue
		_Segment_init
 This function is called by:
		_Display
 This function uses a non-reentrant model


 *************** function _Segment_init *****************
 Defined at:
		line 62 in file "segment.c"
 Parameters:    Size  Location     Type
  Segment         1    wreg     unsigned char 
 Auto vars:     Size  Location     Type
  Segment         1    0[COMRAM] unsigned char 
 Return value:  Size  Location     Type
		None               void
 Registers used:
		wreg, status,2, status,0
 Tracked objects:
		On entry : 
		On exit  : 
		Unchanged: 
 Data sizes:     COMRAM   BANK0   BANK1   BANK2   BANK3   BANK4   BANK5   BANK6   BANK7
      Params:         0       0       0       0       0       0       0       0       0
      Locals:         1       0       0       0       0       0       0       0       0
      Temps:          0       0       0       0       0       0       0       0       0
      Totals:         1       0       0       0       0       0       0       0       0
Total ram usage:        1 bytes
 Hardware stack levels used:    1
 This function calls:
		Nothing
 This function is called by:
		_NumDisplay
 This function uses a non-reentrant model


 *************** function _DisplayValue *****************
 Defined at:
		line 84 in file "segment.c"
 Parameters:    Size  Location     Type
  Number          1    wreg     unsigned char 
 Auto vars:     Size  Location     Type
  Number          1    0[COMRAM] unsigned char 
 Return value:  Size  Location     Type
		None               void
 Registers used:
		wreg, status,2, status,0
 Tracked objects:
		On entry : 
		On exit  : 
		Unchanged: 
 Data sizes:     COMRAM   BANK0   BANK1   BANK2   BANK3   BANK4   BANK5   BANK6   BANK7
      Params:         0       0       0       0       0       0       0       0       0
      Locals:         1       0       0       0       0       0       0       0       0
      Temps:          0       0       0       0       0       0       0       0       0
      Totals:         1       0       0       0       0       0       0       0       0
Total ram usage:        1 bytes
 Hardware stack levels used:    1
 This function calls:
		Nothing
 This function is called by:
		_NumDisplay
 This function uses a non-reentrant model


 *************** function _Delay_s_ *****************
 Defined at:
		line 63 in file "delay.c"
 Parameters:    Size  Location     Type
		None
 Auto vars:     Size  Location     Type
		None
 Return value:  Size  Location     Type
		None               void
 Registers used:
		wreg, cstack
 Tracked objects:
		On entry : 
		On exit  : 
		Unchanged: 
 Data sizes:     COMRAM   BANK0   BANK1   BANK2   BANK3   BANK4   BANK5   BANK6   BANK7
      Params:         0       0       0       0       0       0       0       0       0
      Locals:         0       0       0       0       0       0       0       0       0
      Temps:          0       0       0       0       0       0       0       0       0
      Totals:         0       0       0       0       0       0       0       0       0
Total ram usage:        0 bytes
 Hardware stack levels used:    1
 Hardware stack levels required when called:    1
 This function calls:
		_Delay10KTCYx
 This function is called by:
		_Display
 This function uses a non-reentrant model


 *************** function _Delay10KTCYx *****************
 Defined at:
		line 8 in file "C:\Program Files (x86)\Microchip\xc8\v1.32\sources\pic18\d10ktcyx.c"
 Parameters:    Size  Location     Type
  unit            1    wreg     unsigned char 
 Auto vars:     Size  Location     Type
  unit            1    1[COMRAM] unsigned char 
 Return value:  Size  Location     Type
		None               void
 Registers used:
		wreg
 Tracked objects:
		On entry : 
		On exit  : 
		Unchanged: 
 Data sizes:     COMRAM   BANK0   BANK1   BANK2   BANK3   BANK4   BANK5   BANK6   BANK7
      Params:         0       0       0       0       0       0       0       0       0
      Locals:         1       0       0       0       0       0       0       0       0
      Temps:          1       0       0       0       0       0       0       0       0
      Totals:         2       0       0       0       0       0       0       0       0
Total ram usage:        2 bytes
 Hardware stack levels used:    1
 This function calls:
		Nothing
 This function is called by:
		_Delay_s_
 This function uses a non-reentrant model


 *************** function _Config_Interrupt *****************
 Defined at:
		line 52 in file "main.c"
 Parameters:    Size  Location     Type
		None
 Auto vars:     Size  Location     Type
		None
 Return value:  Size  Location     Type
		None               void
 Registers used:
		None
 Tracked objects:
		On entry : 
		On exit  : 
		Unchanged: 
 Data sizes:     COMRAM   BANK0   BANK1   BANK2   BANK3   BANK4   BANK5   BANK6   BANK7
      Params:         0       0       0       0       0       0       0       0       0
      Locals:         0       0       0       0       0       0       0       0       0
      Temps:          0       0       0       0       0       0       0       0       0
      Totals:         0       0       0       0       0       0       0       0       0
Total ram usage:        0 bytes
 Hardware stack levels used:    1
 This function calls:
		Nothing
 This function is called by:
		_main
 This function uses a non-reentrant model



MODULE INFORMATION

Module		Function		Class		Link	Load	Size
delay.c
		_Delay_s_      		CODE           	7E32	0000	8

delay.c estimated size: 8

shared
		__initializatio		CODE           	7E68	0000	10

shared estimated size: 10

segment.c
		_Segment_init  		CODE           	7E92	0000	52
		_NumDisplay    		CODE           	7E54	0000	20
		_DisplayValue  		CODE           	7F1E	0000	226

segment.c estimated size: 298

display.c
		_Display       		CODE           	7EC6	0000	88

display.c estimated size: 88

main.c
		_main          		CODE           	7E46	0000	14
		_Config_Interru		CODE           	7E3A	0000	12

main.c estimated size: 26

C:\Program Files (x86)\Microchip\xc8\v1.32\sources\pic18\d10ktcyx.c
		_Delay10KTCYx  		CODE           	7E7C	0000	22

C:\Program Files (x86)\Microchip\xc8\v1.32\sources\pic18\d10ktcyx.c estimated size: 22

